2026-05-13 14:47:57,173 WARNING fetch failed: symbol=sh600519 attempt=1 url=https://money.finance.sina.com.cn/quotes_service/api/json_v2.php/CN_MarketData.getKLineData?symbol=sh600519&scale=240&ma=no&datalen=80 error=<urlopen error [Errno 8] nodename nor servname provided, or not known>
2026-05-13 14:47:57,179 WARNING fetch failed: symbol=sh600519 attempt=1 url=https://quotes.sina.cn/cn/api/jsonp_v2.php/var%20data=/CN_MarketDataService.getKLineData?symbol=sh600519&scale=240&ma=no&datalen=80 error=<urlopen error [Errno 8] nodename nor servname provided, or not known>
2026-05-13 14:47:58,192 WARNING fetch failed: symbol=sh600519 attempt=2 url=https://money.finance.sina.com.cn/quotes_service/api/json_v2.php/CN_MarketData.getKLineData?symbol=sh600519&scale=240&ma=no&datalen=80 error=<urlopen error [Errno 8] nodename nor servname provided, or not known>
2026-05-13 14:47:58,195 WARNING fetch failed: symbol=sh600519 attempt=2 url=https://quotes.sina.cn/cn/api/jsonp_v2.php/var%20data=/CN_MarketDataService.getKLineData?symbol=sh600519&scale=240&ma=no&datalen=80 error=<urlopen error [Errno 8] nodename nor servname provided, or not known>
2026-05-13 14:48:00,202 WARNING fetch failed: symbol=sh600519 attempt=3 url=https://money.finance.sina.com.cn/quotes_service/api/json_v2.php/CN_MarketData.getKLineData?symbol=sh600519&scale=240&ma=no&datalen=80 error=<urlopen error [Errno 8] nodename nor servname provided, or not known>
2026-05-13 14:48:00,207 WARNING fetch failed: symbol=sh600519 attempt=3 url=https://quotes.sina.cn/cn/api/jsonp_v2.php/var%20data=/CN_MarketDataService.getKLineData?symbol=sh600519&scale=240&ma=no&datalen=80 error=<urlopen error [Errno 8] nodename nor servname provided, or not known>
2026-05-13 14:48:00,210 ERROR stock failed: code=600519 market=sh
Traceback (most recent call last):
  File "/Users/jianqiu.lei/PycharmProjects/0507/invest/stock_ma_monitor.py", line 476, in run
    result = analyze_stock(stock, source, windows, threshold_pct, latest_seen)
  File "/Users/jianqiu.lei/PycharmProjects/0507/invest/stock_ma_monitor.py", line 232, in analyze_stock
    bars = source.get_daily_bars(stock.code, stock.market, limit)
  File "/Users/jianqiu.lei/PycharmProjects/0507/invest/stock_ma_monitor.py", line 80, in get_daily_bars
    raise RuntimeError(str(last_error or "unknown sina api error"))
RuntimeError: <urlopen error [Errno 8] nodename nor servname provided, or not known>
2026-05-13 14:48:00,215 WARNING fetch failed: symbol=sz000001 attempt=1 url=https://money.finance.sina.com.cn/quotes_service/api/json_v2.php/CN_MarketData.getKLineData?symbol=sz000001&scale=240&ma=no&datalen=80 error=<urlopen error [Errno 8] nodename nor servname provided, or not known>
2026-05-13 14:48:00,219 WARNING fetch failed: symbol=sz000001 attempt=1 url=https://quotes.sina.cn/cn/api/jsonp_v2.php/var%20data=/CN_MarketDataService.getKLineData?symbol=sz000001&scale=240&ma=no&datalen=80 error=<urlopen error [Errno 8] nodename nor servname provided, or not known>
2026-05-13 14:48:01,225 WARNING fetch failed: symbol=sz000001 attempt=2 url=https://money.finance.sina.com.cn/quotes_service/api/json_v2.php/CN_MarketData.getKLineData?symbol=sz000001&scale=240&ma=no&datalen=80 error=<urlopen error [Errno 8] nodename nor servname provided, or not known>
2026-05-13 14:48:01,238 WARNING fetch failed: symbol=sz000001 attempt=2 url=https://quotes.sina.cn/cn/api/jsonp_v2.php/var%20data=/CN_MarketDataService.getKLineData?symbol=sz000001&scale=240&ma=no&datalen=80 error=<urlopen error [Errno 8] nodename nor servname provided, or not known>
2026-05-13 14:48:03,253 WARNING fetch failed: symbol=sz000001 attempt=3 url=https://money.finance.sina.com.cn/quotes_service/api/json_v2.php/CN_MarketData.getKLineData?symbol=sz000001&scale=240&ma=no&datalen=80 error=<urlopen error [Errno 8] nodename nor servname provided, or not known>
2026-05-13 14:48:03,260 WARNING fetch failed: symbol=sz000001 attempt=3 url=https://quotes.sina.cn/cn/api/jsonp_v2.php/var%20data=/CN_MarketDataService.getKLineData?symbol=sz000001&scale=240&ma=no&datalen=80 error=<urlopen error [Errno 8] nodename nor servname provided, or not known>
2026-05-13 14:48:03,265 ERROR stock failed: code=000001 market=sz
Traceback (most recent call last):
  File "/Users/jianqiu.lei/PycharmProjects/0507/invest/stock_ma_monitor.py", line 476, in run
    result = analyze_stock(stock, source, windows, threshold_pct, latest_seen)
  File "/Users/jianqiu.lei/PycharmProjects/0507/invest/stock_ma_monitor.py", line 232, in analyze_stock
    bars = source.get_daily_bars(stock.code, stock.market, limit)
  File "/Users/jianqiu.lei/PycharmProjects/0507/invest/stock_ma_monitor.py", line 80, in get_daily_bars
    raise RuntimeError(str(last_error or "unknown sina api error"))
RuntimeError: <urlopen error [Errno 8] nodename nor servname provided, or not known>
2026-05-13 14:48:03,272 WARNING fetch failed: symbol=sz300750 attempt=1 url=https://money.finance.sina.com.cn/quotes_service/api/json_v2.php/CN_MarketData.getKLineData?symbol=sz300750&scale=240&ma=no&datalen=80 error=<urlopen error [Errno 8] nodename nor servname provided, or not known>
2026-05-13 14:48:03,278 WARNING fetch failed: symbol=sz300750 attempt=1 url=https://quotes.sina.cn/cn/api/jsonp_v2.php/var%20data=/CN_MarketDataService.getKLineData?symbol=sz300750&scale=240&ma=no&datalen=80 error=<urlopen error [Errno 8] nodename nor servname provided, or not known>
2026-05-13 14:48:04,293 WARNING fetch failed: symbol=sz300750 attempt=2 url=https://money.finance.sina.com.cn/quotes_service/api/json_v2.php/CN_MarketData.getKLineData?symbol=sz300750&scale=240&ma=no&datalen=80 error=<urlopen error [Errno 8] nodename nor servname provided, or not known>
2026-05-13 14:48:04,299 WARNING fetch failed: symbol=sz300750 attempt=2 url=https://quotes.sina.cn/cn/api/jsonp_v2.php/var%20data=/CN_MarketDataService.getKLineData?symbol=sz300750&scale=240&ma=no&datalen=80 error=<urlopen error [Errno 8] nodename nor servname provided, or not known>
2026-05-13 14:48:06,307 WARNING fetch failed: symbol=sz300750 attempt=3 url=https://money.finance.sina.com.cn/quotes_service/api/json_v2.php/CN_MarketData.getKLineData?symbol=sz300750&scale=240&ma=no&datalen=80 error=<urlopen error [Errno 8] nodename nor servname provided, or not known>
2026-05-13 14:48:06,311 WARNING fetch failed: symbol=sz300750 attempt=3 url=https://quotes.sina.cn/cn/api/jsonp_v2.php/var%20data=/CN_MarketDataService.getKLineData?symbol=sz300750&scale=240&ma=no&datalen=80 error=<urlopen error [Errno 8] nodename nor servname provided, or not known>
2026-05-13 14:48:06,318 ERROR stock failed: code=300750 market=sz
Traceback (most recent call last):
  File "/Users/jianqiu.lei/PycharmProjects/0507/invest/stock_ma_monitor.py", line 476, in run
    result = analyze_stock(stock, source, windows, threshold_pct, latest_seen)
  File "/Users/jianqiu.lei/PycharmProjects/0507/invest/stock_ma_monitor.py", line 232, in analyze_stock
    bars = source.get_daily_bars(stock.code, stock.market, limit)
  File "/Users/jianqiu.lei/PycharmProjects/0507/invest/stock_ma_monitor.py", line 80, in get_daily_bars
    raise RuntimeError(str(last_error or "unknown sina api error"))
RuntimeError: <urlopen error [Errno 8] nodename nor servname provided, or not known>
2026-05-13 14:48:06,323 INFO report generated: output/a_stock_ma_report.html success=0 failed=3
2026-05-13 14:48:16,706 INFO report generated: output/a_stock_ma_report.html success=3 failed=0
2026-05-13 14:57:52,595 WARNING fetch failed: symbol=sz002602 attempt=1 url=https://money.finance.sina.com.cn/quotes_service/api/json_v2.php/CN_MarketData.getKLineData?symbol=sz002602&scale=240&ma=no&datalen=80 error=<urlopen error [SSL: CERTIFICATE_VERIFY_FAILED] certificate verify failed: unable to get local issuer certificate (_ssl.c:1018)>
2026-05-13 14:57:52,721 WARNING fetch failed: symbol=sz002602 attempt=1 url=https://quotes.sina.cn/cn/api/jsonp_v2.php/var%20data=/CN_MarketDataService.getKLineData?symbol=sz002602&scale=240&ma=no&datalen=80 error=<urlopen error [SSL: CERTIFICATE_VERIFY_FAILED] certificate verify failed: unable to get local issuer certificate (_ssl.c:1018)>
2026-05-13 14:57:53,823 WARNING fetch failed: symbol=sz002602 attempt=2 url=https://money.finance.sina.com.cn/quotes_service/api/json_v2.php/CN_MarketData.getKLineData?symbol=sz002602&scale=240&ma=no&datalen=80 error=<urlopen error [SSL: CERTIFICATE_VERIFY_FAILED] certificate verify failed: unable to get local issuer certificate (_ssl.c:1018)>
2026-05-13 14:57:53,923 WARNING fetch failed: symbol=sz002602 attempt=2 url=https://quotes.sina.cn/cn/api/jsonp_v2.php/var%20data=/CN_MarketDataService.getKLineData?symbol=sz002602&scale=240&ma=no&datalen=80 error=<urlopen error [SSL: CERTIFICATE_VERIFY_FAILED] certificate verify failed: unable to get local issuer certificate (_ssl.c:1018)>
2026-05-13 14:57:56,049 WARNING fetch failed: symbol=sz002602 attempt=3 url=https://money.finance.sina.com.cn/quotes_service/api/json_v2.php/CN_MarketData.getKLineData?symbol=sz002602&scale=240&ma=no&datalen=80 error=<urlopen error [SSL: CERTIFICATE_VERIFY_FAILED] certificate verify failed: unable to get local issuer certificate (_ssl.c:1018)>
2026-05-13 14:57:56,166 WARNING fetch failed: symbol=sz002602 attempt=3 url=https://quotes.sina.cn/cn/api/jsonp_v2.php/var%20data=/CN_MarketDataService.getKLineData?symbol=sz002602&scale=240&ma=no&datalen=80 error=<urlopen error [SSL: CERTIFICATE_VERIFY_FAILED] certificate verify failed: unable to get local issuer certificate (_ssl.c:1018)>
2026-05-13 14:57:56,167 ERROR stock failed: code=002602 market=sz
Traceback (most recent call last):
  File "/Users/jianqiu.lei/PycharmProjects/0507/invest/stock_ma_monitor.py", line 476, in run
    result = analyze_stock(stock, source, windows, threshold_pct, latest_seen)
  File "/Users/jianqiu.lei/PycharmProjects/0507/invest/stock_ma_monitor.py", line 232, in analyze_stock
    bars = source.get_daily_bars(stock.code, stock.market, limit)
  File "/Users/jianqiu.lei/PycharmProjects/0507/invest/stock_ma_monitor.py", line 80, in get_daily_bars
    raise RuntimeError(str(last_error or "unknown sina api error"))
RuntimeError: <urlopen error [SSL: CERTIFICATE_VERIFY_FAILED] certificate verify failed: unable to get local issuer certificate (_ssl.c:1018)>
2026-05-13 14:57:56,273 WARNING fetch failed: symbol=sh600160 attempt=1 url=https://money.finance.sina.com.cn/quotes_service/api/json_v2.php/CN_MarketData.getKLineData?symbol=sh600160&scale=240&ma=no&datalen=80 error=<urlopen error [SSL: CERTIFICATE_VERIFY_FAILED] certificate verify failed: unable to get local issuer certificate (_ssl.c:1018)>
2026-05-13 14:57:56,375 WARNING fetch failed: symbol=sh600160 attempt=1 url=https://quotes.sina.cn/cn/api/jsonp_v2.php/var%20data=/CN_MarketDataService.getKLineData?symbol=sh600160&scale=240&ma=no&datalen=80 error=<urlopen error [SSL: CERTIFICATE_VERIFY_FAILED] certificate verify failed: unable to get local issuer certificate (_ssl.c:1018)>
2026-05-13 14:57:57,490 WARNING fetch failed: symbol=sh600160 attempt=2 url=https://money.finance.sina.com.cn/quotes_service/api/json_v2.php/CN_MarketData.getKLineData?symbol=sh600160&scale=240&ma=no&datalen=80 error=<urlopen error [SSL: CERTIFICATE_VERIFY_FAILED] certificate verify failed: unable to get local issuer certificate (_ssl.c:1018)>
2026-05-13 14:57:57,609 WARNING fetch failed: symbol=sh600160 attempt=2 url=https://quotes.sina.cn/cn/api/jsonp_v2.php/var%20data=/CN_MarketDataService.getKLineData?symbol=sh600160&scale=240&ma=no&datalen=80 error=<urlopen error [SSL: CERTIFICATE_VERIFY_FAILED] certificate verify failed: unable to get local issuer certificate (_ssl.c:1018)>
2026-05-13 14:57:59,726 WARNING fetch failed: symbol=sh600160 attempt=3 url=https://money.finance.sina.com.cn/quotes_service/api/json_v2.php/CN_MarketData.getKLineData?symbol=sh600160&scale=240&ma=no&datalen=80 error=<urlopen error [SSL: CERTIFICATE_VERIFY_FAILED] certificate verify failed: unable to get local issuer certificate (_ssl.c:1018)>
2026-05-13 14:57:59,851 WARNING fetch failed: symbol=sh600160 attempt=3 url=https://quotes.sina.cn/cn/api/jsonp_v2.php/var%20data=/CN_MarketDataService.getKLineData?symbol=sh600160&scale=240&ma=no&datalen=80 error=<urlopen error [SSL: CERTIFICATE_VERIFY_FAILED] certificate verify failed: unable to get local issuer certificate (_ssl.c:1018)>
2026-05-13 14:57:59,852 ERROR stock failed: code=600160 market=sh
Traceback (most recent call last):
  File "/Users/jianqiu.lei/PycharmProjects/0507/invest/stock_ma_monitor.py", line 476, in run
    result = analyze_stock(stock, source, windows, threshold_pct, latest_seen)
  File "/Users/jianqiu.lei/PycharmProjects/0507/invest/stock_ma_monitor.py", line 232, in analyze_stock
    bars = source.get_daily_bars(stock.code, stock.market, limit)
  File "/Users/jianqiu.lei/PycharmProjects/0507/invest/stock_ma_monitor.py", line 80, in get_daily_bars
    raise RuntimeError(str(last_error or "unknown sina api error"))
RuntimeError: <urlopen error [SSL: CERTIFICATE_VERIFY_FAILED] certificate verify failed: unable to get local issuer certificate (_ssl.c:1018)>
2026-05-13 14:57:59,958 WARNING fetch failed: symbol=sh600673 attempt=1 url=https://money.finance.sina.com.cn/quotes_service/api/json_v2.php/CN_MarketData.getKLineData?symbol=sh600673&scale=240&ma=no&datalen=80 error=<urlopen error [SSL: CERTIFICATE_VERIFY_FAILED] certificate verify failed: unable to get local issuer certificate (_ssl.c:1018)>
2026-05-13 14:58:00,137 WARNING fetch failed: symbol=sh600673 attempt=1 url=https://quotes.sina.cn/cn/api/jsonp_v2.php/var%20data=/CN_MarketDataService.getKLineData?symbol=sh600673&scale=240&ma=no&datalen=80 error=<urlopen error [SSL: CERTIFICATE_VERIFY_FAILED] certificate verify failed: unable to get local issuer certificate (_ssl.c:1018)>
2026-05-13 14:58:01,258 WARNING fetch failed: symbol=sh600673 attempt=2 url=https://money.finance.sina.com.cn/quotes_service/api/json_v2.php/CN_MarketData.getKLineData?symbol=sh600673&scale=240&ma=no&datalen=80 error=<urlopen error [SSL: CERTIFICATE_VERIFY_FAILED] certificate verify failed: unable to get local issuer certificate (_ssl.c:1018)>
2026-05-13 14:58:01,369 WARNING fetch failed: symbol=sh600673 attempt=2 url=https://quotes.sina.cn/cn/api/jsonp_v2.php/var%20data=/CN_MarketDataService.getKLineData?symbol=sh600673&scale=240&ma=no&datalen=80 error=<urlopen error [SSL: CERTIFICATE_VERIFY_FAILED] certificate verify failed: unable to get local issuer certificate (_ssl.c:1018)>
2026-05-13 14:58:03,503 WARNING fetch failed: symbol=sh600673 attempt=3 url=https://money.finance.sina.com.cn/quotes_service/api/json_v2.php/CN_MarketData.getKLineData?symbol=sh600673&scale=240&ma=no&datalen=80 error=<urlopen error [SSL: CERTIFICATE_VERIFY_FAILED] certificate verify failed: unable to get local issuer certificate (_ssl.c:1018)>
2026-05-13 14:58:03,628 WARNING fetch failed: symbol=sh600673 attempt=3 url=https://quotes.sina.cn/cn/api/jsonp_v2.php/var%20data=/CN_MarketDataService.getKLineData?symbol=sh600673&scale=240&ma=no&datalen=80 error=<urlopen error [SSL: CERTIFICATE_VERIFY_FAILED] certificate verify failed: unable to get local issuer certificate (_ssl.c:1018)>
2026-05-13 14:58:03,628 ERROR stock failed: code=600673 market=sh
Traceback (most recent call last):
  File "/Users/jianqiu.lei/PycharmProjects/0507/invest/stock_ma_monitor.py", line 476, in run
    result = analyze_stock(stock, source, windows, threshold_pct, latest_seen)
  File "/Users/jianqiu.lei/PycharmProjects/0507/invest/stock_ma_monitor.py", line 232, in analyze_stock
    bars = source.get_daily_bars(stock.code, stock.market, limit)
  File "/Users/jianqiu.lei/PycharmProjects/0507/invest/stock_ma_monitor.py", line 80, in get_daily_bars
    raise RuntimeError(str(last_error or "unknown sina api error"))
RuntimeError: <urlopen error [SSL: CERTIFICATE_VERIFY_FAILED] certificate verify failed: unable to get local issuer certificate (_ssl.c:1018)>
2026-05-13 14:58:03,728 WARNING fetch failed: symbol=sz002138 attempt=1 url=https://money.finance.sina.com.cn/quotes_service/api/json_v2.php/CN_MarketData.getKLineData?symbol=sz002138&scale=240&ma=no&datalen=80 error=<urlopen error [SSL: CERTIFICATE_VERIFY_FAILED] certificate verify failed: unable to get local issuer certificate (_ssl.c:1018)>
2026-05-13 14:58:03,851 WARNING fetch failed: symbol=sz002138 attempt=1 url=https://quotes.sina.cn/cn/api/jsonp_v2.php/var%20data=/CN_MarketDataService.getKLineData?symbol=sz002138&scale=240&ma=no&datalen=80 error=<urlopen error [SSL: CERTIFICATE_VERIFY_FAILED] certificate verify failed: unable to get local issuer certificate (_ssl.c:1018)>
2026-05-13 14:58:04,974 WARNING fetch failed: symbol=sz002138 attempt=2 url=https://money.finance.sina.com.cn/quotes_service/api/json_v2.php/CN_MarketData.getKLineData?symbol=sz002138&scale=240&ma=no&datalen=80 error=<urlopen error [SSL: CERTIFICATE_VERIFY_FAILED] certificate verify failed: unable to get local issuer certificate (_ssl.c:1018)>
2026-05-13 14:58:05,080 WARNING fetch failed: symbol=sz002138 attempt=2 url=https://quotes.sina.cn/cn/api/jsonp_v2.php/var%20data=/CN_MarketDataService.getKLineData?symbol=sz002138&scale=240&ma=no&datalen=80 error=<urlopen error [SSL: CERTIFICATE_VERIFY_FAILED] certificate verify failed: unable to get local issuer certificate (_ssl.c:1018)>
2026-05-13 14:58:07,193 WARNING fetch failed: symbol=sz002138 attempt=3 url=https://money.finance.sina.com.cn/quotes_service/api/json_v2.php/CN_MarketData.getKLineData?symbol=sz002138&scale=240&ma=no&datalen=80 error=<urlopen error [SSL: CERTIFICATE_VERIFY_FAILED] certificate verify failed: unable to get local issuer certificate (_ssl.c:1018)>
2026-05-13 14:58:07,306 WARNING fetch failed: symbol=sz002138 attempt=3 url=https://quotes.sina.cn/cn/api/jsonp_v2.php/var%20data=/CN_MarketDataService.getKLineData?symbol=sz002138&scale=240&ma=no&datalen=80 error=<urlopen error [SSL: CERTIFICATE_VERIFY_FAILED] certificate verify failed: unable to get local issuer certificate (_ssl.c:1018)>
2026-05-13 14:58:07,306 ERROR stock failed: code=002138 market=sz
Traceback (most recent call last):
  File "/Users/jianqiu.lei/PycharmProjects/0507/invest/stock_ma_monitor.py", line 476, in run
    result = analyze_stock(stock, source, windows, threshold_pct, latest_seen)
  File "/Users/jianqiu.lei/PycharmProjects/0507/invest/stock_ma_monitor.py", line 232, in analyze_stock
    bars = source.get_daily_bars(stock.code, stock.market, limit)
  File "/Users/jianqiu.lei/PycharmProjects/0507/invest/stock_ma_monitor.py", line 80, in get_daily_bars
    raise RuntimeError(str(last_error or "unknown sina api error"))
RuntimeError: <urlopen error [SSL: CERTIFICATE_VERIFY_FAILED] certificate verify failed: unable to get local issuer certificate (_ssl.c:1018)>
2026-05-13 14:58:07,408 WARNING fetch failed: symbol=sh601698 attempt=1 url=https://money.finance.sina.com.cn/quotes_service/api/json_v2.php/CN_MarketData.getKLineData?symbol=sh601698&scale=240&ma=no&datalen=80 error=<urlopen error [SSL: CERTIFICATE_VERIFY_FAILED] certificate verify failed: unable to get local issuer certificate (_ssl.c:1018)>
2026-05-13 14:58:07,526 WARNING fetch failed: symbol=sh601698 attempt=1 url=https://quotes.sina.cn/cn/api/jsonp_v2.php/var%20data=/CN_MarketDataService.getKLineData?symbol=sh601698&scale=240&ma=no&datalen=80 error=<urlopen error [SSL: CERTIFICATE_VERIFY_FAILED] certificate verify failed: unable to get local issuer certificate (_ssl.c:1018)>
2026-05-13 14:58:08,654 WARNING fetch failed: symbol=sh601698 attempt=2 url=https://money.finance.sina.com.cn/quotes_service/api/json_v2.php/CN_MarketData.getKLineData?symbol=sh601698&scale=240&ma=no&datalen=80 error=<urlopen error [SSL: CERTIFICATE_VERIFY_FAILED] certificate verify failed: unable to get local issuer certificate (_ssl.c:1018)>
2026-05-13 14:58:08,762 WARNING fetch failed: symbol=sh601698 attempt=2 url=https://quotes.sina.cn/cn/api/jsonp_v2.php/var%20data=/CN_MarketDataService.getKLineData?symbol=sh601698&scale=240&ma=no&datalen=80 error=<urlopen error [SSL: CERTIFICATE_VERIFY_FAILED] certificate verify failed: unable to get local issuer certificate (_ssl.c:1018)>
2026-05-13 14:58:10,861 WARNING fetch failed: symbol=sh601698 attempt=3 url=https://money.finance.sina.com.cn/quotes_service/api/json_v2.php/CN_MarketData.getKLineData?symbol=sh601698&scale=240&ma=no&datalen=80 error=<urlopen error [SSL: CERTIFICATE_VERIFY_FAILED] certificate verify failed: unable to get local issuer certificate (_ssl.c:1018)>
2026-05-13 14:58:10,947 WARNING fetch failed: symbol=sh601698 attempt=3 url=https://quotes.sina.cn/cn/api/jsonp_v2.php/var%20data=/CN_MarketDataService.getKLineData?symbol=sh601698&scale=240&ma=no&datalen=80 error=<urlopen error [SSL: CERTIFICATE_VERIFY_FAILED] certificate verify failed: unable to get local issuer certificate (_ssl.c:1018)>
2026-05-13 14:58:10,947 ERROR stock failed: code=601698 market=sh
Traceback (most recent call last):
  File "/Users/jianqiu.lei/PycharmProjects/0507/invest/stock_ma_monitor.py", line 476, in run
    result = analyze_stock(stock, source, windows, threshold_pct, latest_seen)
  File "/Users/jianqiu.lei/PycharmProjects/0507/invest/stock_ma_monitor.py", line 232, in analyze_stock
    bars = source.get_daily_bars(stock.code, stock.market, limit)
  File "/Users/jianqiu.lei/PycharmProjects/0507/invest/stock_ma_monitor.py", line 80, in get_daily_bars
    raise RuntimeError(str(last_error or "unknown sina api error"))
RuntimeError: <urlopen error [SSL: CERTIFICATE_VERIFY_FAILED] certificate verify failed: unable to get local issuer certificate (_ssl.c:1018)>
2026-05-13 14:58:11,047 WARNING fetch failed: symbol=sz000021 attempt=1 url=https://money.finance.sina.com.cn/quotes_service/api/json_v2.php/CN_MarketData.getKLineData?symbol=sz000021&scale=240&ma=no&datalen=80 error=<urlopen error [SSL: CERTIFICATE_VERIFY_FAILED] certificate verify failed: unable to get local issuer certificate (_ssl.c:1018)>
2026-05-13 14:58:11,134 WARNING fetch failed: symbol=sz000021 attempt=1 url=https://quotes.sina.cn/cn/api/jsonp_v2.php/var%20data=/CN_MarketDataService.getKLineData?symbol=sz000021&scale=240&ma=no&datalen=80 error=<urlopen error [SSL: CERTIFICATE_VERIFY_FAILED] certificate verify failed: unable to get local issuer certificate (_ssl.c:1018)>
2026-05-13 14:58:12,236 WARNING fetch failed: symbol=sz000021 attempt=2 url=https://money.finance.sina.com.cn/quotes_service/api/json_v2.php/CN_MarketData.getKLineData?symbol=sz000021&scale=240&ma=no&datalen=80 error=<urlopen error [SSL: CERTIFICATE_VERIFY_FAILED] certificate verify failed: unable to get local issuer certificate (_ssl.c:1018)>
2026-05-13 14:58:12,327 WARNING fetch failed: symbol=sz000021 attempt=2 url=https://quotes.sina.cn/cn/api/jsonp_v2.php/var%20data=/CN_MarketDataService.getKLineData?symbol=sz000021&scale=240&ma=no&datalen=80 error=<urlopen error [SSL: CERTIFICATE_VERIFY_FAILED] certificate verify failed: unable to get local issuer certificate (_ssl.c:1018)>
2026-05-13 14:58:14,431 WARNING fetch failed: symbol=sz000021 attempt=3 url=https://money.finance.sina.com.cn/quotes_service/api/json_v2.php/CN_MarketData.getKLineData?symbol=sz000021&scale=240&ma=no&datalen=80 error=<urlopen error [SSL: CERTIFICATE_VERIFY_FAILED] certificate verify failed: unable to get local issuer certificate (_ssl.c:1018)>
2026-05-13 14:58:14,522 WARNING fetch failed: symbol=sz000021 attempt=3 url=https://quotes.sina.cn/cn/api/jsonp_v2.php/var%20data=/CN_MarketDataService.getKLineData?symbol=sz000021&scale=240&ma=no&datalen=80 error=<urlopen error [SSL: CERTIFICATE_VERIFY_FAILED] certificate verify failed: unable to get local issuer certificate (_ssl.c:1018)>
2026-05-13 14:58:14,522 ERROR stock failed: code=000021 market=sz
Traceback (most recent call last):
  File "/Users/jianqiu.lei/PycharmProjects/0507/invest/stock_ma_monitor.py", line 476, in run
    result = analyze_stock(stock, source, windows, threshold_pct, latest_seen)
  File "/Users/jianqiu.lei/PycharmProjects/0507/invest/stock_ma_monitor.py", line 232, in analyze_stock
    bars = source.get_daily_bars(stock.code, stock.market, limit)
  File "/Users/jianqiu.lei/PycharmProjects/0507/invest/stock_ma_monitor.py", line 80, in get_daily_bars
    raise RuntimeError(str(last_error or "unknown sina api error"))
RuntimeError: <urlopen error [SSL: CERTIFICATE_VERIFY_FAILED] certificate verify failed: unable to get local issuer certificate (_ssl.c:1018)>
2026-05-13 14:58:14,624 WARNING fetch failed: symbol=sz159368 attempt=1 url=https://money.finance.sina.com.cn/quotes_service/api/json_v2.php/CN_MarketData.getKLineData?symbol=sz159368&scale=240&ma=no&datalen=80 error=<urlopen error [SSL: CERTIFICATE_VERIFY_FAILED] certificate verify failed: unable to get local issuer certificate (_ssl.c:1018)>
2026-05-13 14:58:14,713 WARNING fetch failed: symbol=sz159368 attempt=1 url=https://quotes.sina.cn/cn/api/jsonp_v2.php/var%20data=/CN_MarketDataService.getKLineData?symbol=sz159368&scale=240&ma=no&datalen=80 error=<urlopen error [SSL: CERTIFICATE_VERIFY_FAILED] certificate verify failed: unable to get local issuer certificate (_ssl.c:1018)>
2026-05-13 14:58:15,815 WARNING fetch failed: symbol=sz159368 attempt=2 url=https://money.finance.sina.com.cn/quotes_service/api/json_v2.php/CN_MarketData.getKLineData?symbol=sz159368&scale=240&ma=no&datalen=80 error=<urlopen error [SSL: CERTIFICATE_VERIFY_FAILED] certificate verify failed: unable to get local issuer certificate (_ssl.c:1018)>
2026-05-13 14:58:15,909 WARNING fetch failed: symbol=sz159368 attempt=2 url=https://quotes.sina.cn/cn/api/jsonp_v2.php/var%20data=/CN_MarketDataService.getKLineData?symbol=sz159368&scale=240&ma=no&datalen=80 error=<urlopen error [SSL: CERTIFICATE_VERIFY_FAILED] certificate verify failed: unable to get local issuer certificate (_ssl.c:1018)>
2026-05-13 14:58:18,019 WARNING fetch failed: symbol=sz159368 attempt=3 url=https://money.finance.sina.com.cn/quotes_service/api/json_v2.php/CN_MarketData.getKLineData?symbol=sz159368&scale=240&ma=no&datalen=80 error=<urlopen error [SSL: CERTIFICATE_VERIFY_FAILED] certificate verify failed: unable to get local issuer certificate (_ssl.c:1018)>
2026-05-13 14:58:18,131 WARNING fetch failed: symbol=sz159368 attempt=3 url=https://quotes.sina.cn/cn/api/jsonp_v2.php/var%20data=/CN_MarketDataService.getKLineData?symbol=sz159368&scale=240&ma=no&datalen=80 error=<urlopen error [SSL: CERTIFICATE_VERIFY_FAILED] certificate verify failed: unable to get local issuer certificate (_ssl.c:1018)>
2026-05-13 14:58:18,131 ERROR stock failed: code=159368 market=sz
Traceback (most recent call last):
  File "/Users/jianqiu.lei/PycharmProjects/0507/invest/stock_ma_monitor.py", line 476, in run
    result = analyze_stock(stock, source, windows, threshold_pct, latest_seen)
  File "/Users/jianqiu.lei/PycharmProjects/0507/invest/stock_ma_monitor.py", line 232, in analyze_stock
    bars = source.get_daily_bars(stock.code, stock.market, limit)
  File "/Users/jianqiu.lei/PycharmProjects/0507/invest/stock_ma_monitor.py", line 80, in get_daily_bars
    raise RuntimeError(str(last_error or "unknown sina api error"))
RuntimeError: <urlopen error [SSL: CERTIFICATE_VERIFY_FAILED] certificate verify failed: unable to get local issuer certificate (_ssl.c:1018)>
2026-05-13 14:58:18,234 WARNING fetch failed: symbol=sh601615 attempt=1 url=https://money.finance.sina.com.cn/quotes_service/api/json_v2.php/CN_MarketData.getKLineData?symbol=sh601615&scale=240&ma=no&datalen=80 error=<urlopen error [SSL: CERTIFICATE_VERIFY_FAILED] certificate verify failed: unable to get local issuer certificate (_ssl.c:1018)>
2026-05-13 14:58:18,331 WARNING fetch failed: symbol=sh601615 attempt=1 url=https://quotes.sina.cn/cn/api/jsonp_v2.php/var%20data=/CN_MarketDataService.getKLineData?symbol=sh601615&scale=240&ma=no&datalen=80 error=<urlopen error [SSL: CERTIFICATE_VERIFY_FAILED] certificate verify failed: unable to get local issuer certificate (_ssl.c:1018)>
2026-05-13 14:58:19,441 WARNING fetch failed: symbol=sh601615 attempt=2 url=https://money.finance.sina.com.cn/quotes_service/api/json_v2.php/CN_MarketData.getKLineData?symbol=sh601615&scale=240&ma=no&datalen=80 error=<urlopen error [SSL: CERTIFICATE_VERIFY_FAILED] certificate verify failed: unable to get local issuer certificate (_ssl.c:1018)>
2026-05-13 14:58:19,546 WARNING fetch failed: symbol=sh601615 attempt=2 url=https://quotes.sina.cn/cn/api/jsonp_v2.php/var%20data=/CN_MarketDataService.getKLineData?symbol=sh601615&scale=240&ma=no&datalen=80 error=<urlopen error [SSL: CERTIFICATE_VERIFY_FAILED] certificate verify failed: unable to get local issuer certificate (_ssl.c:1018)>
2026-05-13 14:58:22,117 WARNING fetch failed: symbol=sh601615 attempt=3 url=https://money.finance.sina.com.cn/quotes_service/api/json_v2.php/CN_MarketData.getKLineData?symbol=sh601615&scale=240&ma=no&datalen=80 error=<urlopen error [SSL: CERTIFICATE_VERIFY_FAILED] certificate verify failed: unable to get local issuer certificate (_ssl.c:1018)>
2026-05-13 14:58:22,205 WARNING fetch failed: symbol=sh601615 attempt=3 url=https://quotes.sina.cn/cn/api/jsonp_v2.php/var%20data=/CN_MarketDataService.getKLineData?symbol=sh601615&scale=240&ma=no&datalen=80 error=<urlopen error [SSL: CERTIFICATE_VERIFY_FAILED] certificate verify failed: unable to get local issuer certificate (_ssl.c:1018)>
2026-05-13 14:58:22,205 ERROR stock failed: code=601615 market=sh
Traceback (most recent call last):
  File "/Users/jianqiu.lei/PycharmProjects/0507/invest/stock_ma_monitor.py", line 476, in run
    result = analyze_stock(stock, source, windows, threshold_pct, latest_seen)
  File "/Users/jianqiu.lei/PycharmProjects/0507/invest/stock_ma_monitor.py", line 232, in analyze_stock
    bars = source.get_daily_bars(stock.code, stock.market, limit)
  File "/Users/jianqiu.lei/PycharmProjects/0507/invest/stock_ma_monitor.py", line 80, in get_daily_bars
    raise RuntimeError(str(last_error or "unknown sina api error"))
RuntimeError: <urlopen error [SSL: CERTIFICATE_VERIFY_FAILED] certificate verify failed: unable to get local issuer certificate (_ssl.c:1018)>
2026-05-13 14:58:22,303 WARNING fetch failed: symbol=sh603606 attempt=1 url=https://money.finance.sina.com.cn/quotes_service/api/json_v2.php/CN_MarketData.getKLineData?symbol=sh603606&scale=240&ma=no&datalen=80 error=<urlopen error [SSL: CERTIFICATE_VERIFY_FAILED] certificate verify failed: unable to get local issuer certificate (_ssl.c:1018)>
2026-05-13 14:58:22,397 WARNING fetch failed: symbol=sh603606 attempt=1 url=https://quotes.sina.cn/cn/api/jsonp_v2.php/var%20data=/CN_MarketDataService.getKLineData?symbol=sh603606&scale=240&ma=no&datalen=80 error=<urlopen error [SSL: CERTIFICATE_VERIFY_FAILED] certificate verify failed: unable to get local issuer certificate (_ssl.c:1018)>
2026-05-13 14:58:23,504 WARNING fetch failed: symbol=sh603606 attempt=2 url=https://money.finance.sina.com.cn/quotes_service/api/json_v2.php/CN_MarketData.getKLineData?symbol=sh603606&scale=240&ma=no&datalen=80 error=<urlopen error [SSL: CERTIFICATE_VERIFY_FAILED] certificate verify failed: unable to get local issuer certificate (_ssl.c:1018)>
2026-05-13 14:58:23,594 WARNING fetch failed: symbol=sh603606 attempt=2 url=https://quotes.sina.cn/cn/api/jsonp_v2.php/var%20data=/CN_MarketDataService.getKLineData?symbol=sh603606&scale=240&ma=no&datalen=80 error=<urlopen error [SSL: CERTIFICATE_VERIFY_FAILED] certificate verify failed: unable to get local issuer certificate (_ssl.c:1018)>
2026-05-13 14:58:52,056 INFO report generated: output/a_stock_ma_report.html success=36 failed=0
2026-05-14 14:48:05,014 INFO report generated: output/a_stock_ma_report.html success=36 failed=0
2026-05-14 14:48:42,016 INFO report generated: output/a_stock_ma_report.html success=36 failed=0
2026-05-14 14:49:11,171 INFO report generated: output/a_stock_ma_report.html success=36 failed=0
2026-05-14 14:51:20,555 INFO report generated: output/a_stock_ma_report.html success=36 failed=0
2026-05-14 14:54:06,281 INFO report generated: output/a_stock_ma_report.html success=36 failed=0
2026-05-14 14:54:44,440 INFO report generated: output/a_stock_ma_report.html success=36 failed=0
2026-05-14 19:44:07,680 WARNING fetch failed: symbol=sz002602 attempt=1 url=https://money.finance.sina.com.cn/quotes_service/api/json_v2.php/CN_MarketData.getKLineData?symbol=sz002602&scale=240&ma=no&datalen=5000 error=<urlopen error [SSL: CERTIFICATE_VERIFY_FAILED] certificate verify failed: unable to get local issuer certificate (_ssl.c:1018)>
2026-05-14 19:44:07,820 WARNING fetch failed: symbol=sz002602 attempt=1 url=https://quotes.sina.cn/cn/api/jsonp_v2.php/var%20data=/CN_MarketDataService.getKLineData?symbol=sz002602&scale=240&ma=no&datalen=5000 error=<urlopen error [SSL: CERTIFICATE_VERIFY_FAILED] certificate verify failed: unable to get local issuer certificate (_ssl.c:1018)>
2026-05-14 19:44:08,911 WARNING fetch failed: symbol=sz002602 attempt=2 url=https://money.finance.sina.com.cn/quotes_service/api/json_v2.php/CN_MarketData.getKLineData?symbol=sz002602&scale=240&ma=no&datalen=5000 error=<urlopen error [SSL: CERTIFICATE_VERIFY_FAILED] certificate verify failed: unable to get local issuer certificate (_ssl.c:1018)>
2026-05-14 19:44:09,006 WARNING fetch failed: symbol=sz002602 attempt=2 url=https://quotes.sina.cn/cn/api/jsonp_v2.php/var%20data=/CN_MarketDataService.getKLineData?symbol=sz002602&scale=240&ma=no&datalen=5000 error=<urlopen error [SSL: CERTIFICATE_VERIFY_FAILED] certificate verify failed: unable to get local issuer certificate (_ssl.c:1018)>
2026-05-14 19:44:11,105 WARNING fetch failed: symbol=sz002602 attempt=3 url=https://money.finance.sina.com.cn/quotes_service/api/json_v2.php/CN_MarketData.getKLineData?symbol=sz002602&scale=240&ma=no&datalen=5000 error=<urlopen error [SSL: CERTIFICATE_VERIFY_FAILED] certificate verify failed: unable to get local issuer certificate (_ssl.c:1018)>
2026-05-14 19:44:11,197 WARNING fetch failed: symbol=sz002602 attempt=3 url=https://quotes.sina.cn/cn/api/jsonp_v2.php/var%20data=/CN_MarketDataService.getKLineData?symbol=sz002602&scale=240&ma=no&datalen=5000 error=<urlopen error [SSL: CERTIFICATE_VERIFY_FAILED] certificate verify failed: unable to get local issuer certificate (_ssl.c:1018)>
2026-05-14 19:44:11,197 ERROR stock failed: code=002602 market=sz
Traceback (most recent call last):
  File "/Users/jianqiu.lei/PycharmProjects/0507/invest/stock_ma_monitor.py", line 649, in run
    result = analyze_stock(stock, source, windows, threshold_pct, latest_seen, history_limit)
  File "/Users/jianqiu.lei/PycharmProjects/0507/invest/stock_ma_monitor.py", line 376, in analyze_stock
    bars = source.get_daily_bars(stock.code, stock.market, limit)
  File "/Users/jianqiu.lei/PycharmProjects/0507/invest/stock_ma_monitor.py", line 81, in get_daily_bars
    raise RuntimeError(str(last_error or "unknown sina api error"))
RuntimeError: <urlopen error [SSL: CERTIFICATE_VERIFY_FAILED] certificate verify failed: unable to get local issuer certificate (_ssl.c:1018)>
2026-05-14 19:44:11,291 WARNING fetch failed: symbol=sh600160 attempt=1 url=https://money.finance.sina.com.cn/quotes_service/api/json_v2.php/CN_MarketData.getKLineData?symbol=sh600160&scale=240&ma=no&datalen=5000 error=<urlopen error [SSL: CERTIFICATE_VERIFY_FAILED] certificate verify failed: unable to get local issuer certificate (_ssl.c:1018)>
2026-05-14 19:44:11,384 WARNING fetch failed: symbol=sh600160 attempt=1 url=https://quotes.sina.cn/cn/api/jsonp_v2.php/var%20data=/CN_MarketDataService.getKLineData?symbol=sh600160&scale=240&ma=no&datalen=5000 error=<urlopen error [SSL: CERTIFICATE_VERIFY_FAILED] certificate verify failed: unable to get local issuer certificate (_ssl.c:1018)>
2026-05-14 19:44:12,479 WARNING fetch failed: symbol=sh600160 attempt=2 url=https://money.finance.sina.com.cn/quotes_service/api/json_v2.php/CN_MarketData.getKLineData?symbol=sh600160&scale=240&ma=no&datalen=5000 error=<urlopen error [SSL: CERTIFICATE_VERIFY_FAILED] certificate verify failed: unable to get local issuer certificate (_ssl.c:1018)>
2026-05-14 19:44:12,571 WARNING fetch failed: symbol=sh600160 attempt=2 url=https://quotes.sina.cn/cn/api/jsonp_v2.php/var%20data=/CN_MarketDataService.getKLineData?symbol=sh600160&scale=240&ma=no&datalen=5000 error=<urlopen error [SSL: CERTIFICATE_VERIFY_FAILED] certificate verify failed: unable to get local issuer certificate (_ssl.c:1018)>
2026-05-14 19:44:14,683 WARNING fetch failed: symbol=sh600160 attempt=3 url=https://money.finance.sina.com.cn/quotes_service/api/json_v2.php/CN_MarketData.getKLineData?symbol=sh600160&scale=240&ma=no&datalen=5000 error=<urlopen error [SSL: CERTIFICATE_VERIFY_FAILED] certificate verify failed: unable to get local issuer certificate (_ssl.c:1018)>
2026-05-14 19:44:14,775 WARNING fetch failed: symbol=sh600160 attempt=3 url=https://quotes.sina.cn/cn/api/jsonp_v2.php/var%20data=/CN_MarketDataService.getKLineData?symbol=sh600160&scale=240&ma=no&datalen=5000 error=<urlopen error [SSL: CERTIFICATE_VERIFY_FAILED] certificate verify failed: unable to get local issuer certificate (_ssl.c:1018)>
2026-05-14 19:44:14,776 ERROR stock failed: code=600160 market=sh
Traceback (most recent call last):
  File "/Users/jianqiu.lei/PycharmProjects/0507/invest/stock_ma_monitor.py", line 649, in run
    result = analyze_stock(stock, source, windows, threshold_pct, latest_seen, history_limit)
  File "/Users/jianqiu.lei/PycharmProjects/0507/invest/stock_ma_monitor.py", line 376, in analyze_stock
    bars = source.get_daily_bars(stock.code, stock.market, limit)
  File "/Users/jianqiu.lei/PycharmProjects/0507/invest/stock_ma_monitor.py", line 81, in get_daily_bars
    raise RuntimeError(str(last_error or "unknown sina api error"))
RuntimeError: <urlopen error [SSL: CERTIFICATE_VERIFY_FAILED] certificate verify failed: unable to get local issuer certificate (_ssl.c:1018)>
2026-05-14 19:44:14,872 WARNING fetch failed: symbol=sh600673 attempt=1 url=https://money.finance.sina.com.cn/quotes_service/api/json_v2.php/CN_MarketData.getKLineData?symbol=sh600673&scale=240&ma=no&datalen=5000 error=<urlopen error [SSL: CERTIFICATE_VERIFY_FAILED] certificate verify failed: unable to get local issuer certificate (_ssl.c:1018)>
2026-05-14 19:44:14,971 WARNING fetch failed: symbol=sh600673 attempt=1 url=https://quotes.sina.cn/cn/api/jsonp_v2.php/var%20data=/CN_MarketDataService.getKLineData?symbol=sh600673&scale=240&ma=no&datalen=5000 error=<urlopen error [SSL: CERTIFICATE_VERIFY_FAILED] certificate verify failed: unable to get local issuer certificate (_ssl.c:1018)>
2026-05-14 19:44:16,073 WARNING fetch failed: symbol=sh600673 attempt=2 url=https://money.finance.sina.com.cn/quotes_service/api/json_v2.php/CN_MarketData.getKLineData?symbol=sh600673&scale=240&ma=no&datalen=5000 error=<urlopen error [SSL: CERTIFICATE_VERIFY_FAILED] certificate verify failed: unable to get local issuer certificate (_ssl.c:1018)>
2026-05-14 19:44:16,167 WARNING fetch failed: symbol=sh600673 attempt=2 url=https://quotes.sina.cn/cn/api/jsonp_v2.php/var%20data=/CN_MarketDataService.getKLineData?symbol=sh600673&scale=240&ma=no&datalen=5000 error=<urlopen error [SSL: CERTIFICATE_VERIFY_FAILED] certificate verify failed: unable to get local issuer certificate (_ssl.c:1018)>
2026-05-14 19:44:18,272 WARNING fetch failed: symbol=sh600673 attempt=3 url=https://money.finance.sina.com.cn/quotes_service/api/json_v2.php/CN_MarketData.getKLineData?symbol=sh600673&scale=240&ma=no&datalen=5000 error=<urlopen error [SSL: CERTIFICATE_VERIFY_FAILED] certificate verify failed: unable to get local issuer certificate (_ssl.c:1018)>
2026-05-14 19:44:18,374 WARNING fetch failed: symbol=sh600673 attempt=3 url=https://quotes.sina.cn/cn/api/jsonp_v2.php/var%20data=/CN_MarketDataService.getKLineData?symbol=sh600673&scale=240&ma=no&datalen=5000 error=<urlopen error [SSL: CERTIFICATE_VERIFY_FAILED] certificate verify failed: unable to get local issuer certificate (_ssl.c:1018)>
2026-05-14 19:44:18,374 ERROR stock failed: code=600673 market=sh
Traceback (most recent call last):
  File "/Users/jianqiu.lei/PycharmProjects/0507/invest/stock_ma_monitor.py", line 649, in run
    result = analyze_stock(stock, source, windows, threshold_pct, latest_seen, history_limit)
  File "/Users/jianqiu.lei/PycharmProjects/0507/invest/stock_ma_monitor.py", line 376, in analyze_stock
    bars = source.get_daily_bars(stock.code, stock.market, limit)
  File "/Users/jianqiu.lei/PycharmProjects/0507/invest/stock_ma_monitor.py", line 81, in get_daily_bars
    raise RuntimeError(str(last_error or "unknown sina api error"))
RuntimeError: <urlopen error [SSL: CERTIFICATE_VERIFY_FAILED] certificate verify failed: unable to get local issuer certificate (_ssl.c:1018)>
2026-05-14 19:44:18,467 WARNING fetch failed: symbol=sz002138 attempt=1 url=https://money.finance.sina.com.cn/quotes_service/api/json_v2.php/CN_MarketData.getKLineData?symbol=sz002138&scale=240&ma=no&datalen=5000 error=<urlopen error [SSL: CERTIFICATE_VERIFY_FAILED] certificate verify failed: unable to get local issuer certificate (_ssl.c:1018)>
2026-05-14 19:44:18,564 WARNING fetch failed: symbol=sz002138 attempt=1 url=https://quotes.sina.cn/cn/api/jsonp_v2.php/var%20data=/CN_MarketDataService.getKLineData?symbol=sz002138&scale=240&ma=no&datalen=5000 error=<urlopen error [SSL: CERTIFICATE_VERIFY_FAILED] certificate verify failed: unable to get local issuer certificate (_ssl.c:1018)>
2026-05-14 19:44:19,669 WARNING fetch failed: symbol=sz002138 attempt=2 url=https://money.finance.sina.com.cn/quotes_service/api/json_v2.php/CN_MarketData.getKLineData?symbol=sz002138&scale=240&ma=no&datalen=5000 error=<urlopen error [SSL: CERTIFICATE_VERIFY_FAILED] certificate verify failed: unable to get local issuer certificate (_ssl.c:1018)>
2026-05-14 19:44:19,768 WARNING fetch failed: symbol=sz002138 attempt=2 url=https://quotes.sina.cn/cn/api/jsonp_v2.php/var%20data=/CN_MarketDataService.getKLineData?symbol=sz002138&scale=240&ma=no&datalen=5000 error=<urlopen error [SSL: CERTIFICATE_VERIFY_FAILED] certificate verify failed: unable to get local issuer certificate (_ssl.c:1018)>
2026-05-14 19:44:21,873 WARNING fetch failed: symbol=sz002138 attempt=3 url=https://money.finance.sina.com.cn/quotes_service/api/json_v2.php/CN_MarketData.getKLineData?symbol=sz002138&scale=240&ma=no&datalen=5000 error=<urlopen error [SSL: CERTIFICATE_VERIFY_FAILED] certificate verify failed: unable to get local issuer certificate (_ssl.c:1018)>
2026-05-14 19:44:21,975 WARNING fetch failed: symbol=sz002138 attempt=3 url=https://quotes.sina.cn/cn/api/jsonp_v2.php/var%20data=/CN_MarketDataService.getKLineData?symbol=sz002138&scale=240&ma=no&datalen=5000 error=<urlopen error [SSL: CERTIFICATE_VERIFY_FAILED] certificate verify failed: unable to get local issuer certificate (_ssl.c:1018)>
2026-05-14 19:44:21,975 ERROR stock failed: code=002138 market=sz
Traceback (most recent call last):
  File "/Users/jianqiu.lei/PycharmProjects/0507/invest/stock_ma_monitor.py", line 649, in run
    result = analyze_stock(stock, source, windows, threshold_pct, latest_seen, history_limit)
  File "/Users/jianqiu.lei/PycharmProjects/0507/invest/stock_ma_monitor.py", line 376, in analyze_stock
    bars = source.get_daily_bars(stock.code, stock.market, limit)
  File "/Users/jianqiu.lei/PycharmProjects/0507/invest/stock_ma_monitor.py", line 81, in get_daily_bars
    raise RuntimeError(str(last_error or "unknown sina api error"))
RuntimeError: <urlopen error [SSL: CERTIFICATE_VERIFY_FAILED] certificate verify failed: unable to get local issuer certificate (_ssl.c:1018)>
2026-05-14 19:44:22,070 WARNING fetch failed: symbol=sh601698 attempt=1 url=https://money.finance.sina.com.cn/quotes_service/api/json_v2.php/CN_MarketData.getKLineData?symbol=sh601698&scale=240&ma=no&datalen=5000 error=<urlopen error [SSL: CERTIFICATE_VERIFY_FAILED] certificate verify failed: unable to get local issuer certificate (_ssl.c:1018)>
2026-05-14 19:44:22,166 WARNING fetch failed: symbol=sh601698 attempt=1 url=https://quotes.sina.cn/cn/api/jsonp_v2.php/var%20data=/CN_MarketDataService.getKLineData?symbol=sh601698&scale=240&ma=no&datalen=5000 error=<urlopen error [SSL: CERTIFICATE_VERIFY_FAILED] certificate verify failed: unable to get local issuer certificate (_ssl.c:1018)>
2026-05-14 19:44:23,266 WARNING fetch failed: symbol=sh601698 attempt=2 url=https://money.finance.sina.com.cn/quotes_service/api/json_v2.php/CN_MarketData.getKLineData?symbol=sh601698&scale=240&ma=no&datalen=5000 error=<urlopen error [SSL: CERTIFICATE_VERIFY_FAILED] certificate verify failed: unable to get local issuer certificate (_ssl.c:1018)>
2026-05-14 19:44:23,369 WARNING fetch failed: symbol=sh601698 attempt=2 url=https://quotes.sina.cn/cn/api/jsonp_v2.php/var%20data=/CN_MarketDataService.getKLineData?symbol=sh601698&scale=240&ma=no&datalen=5000 error=<urlopen error [SSL: CERTIFICATE_VERIFY_FAILED] certificate verify failed: unable to get local issuer certificate (_ssl.c:1018)>
2026-05-14 19:44:25,472 WARNING fetch failed: symbol=sh601698 attempt=3 url=https://money.finance.sina.com.cn/quotes_service/api/json_v2.php/CN_MarketData.getKLineData?symbol=sh601698&scale=240&ma=no&datalen=5000 error=<urlopen error [SSL: CERTIFICATE_VERIFY_FAILED] certificate verify failed: unable to get local issuer certificate (_ssl.c:1018)>
2026-05-14 19:44:25,570 WARNING fetch failed: symbol=sh601698 attempt=3 url=https://quotes.sina.cn/cn/api/jsonp_v2.php/var%20data=/CN_MarketDataService.getKLineData?symbol=sh601698&scale=240&ma=no&datalen=5000 error=<urlopen error [SSL: CERTIFICATE_VERIFY_FAILED] certificate verify failed: unable to get local issuer certificate (_ssl.c:1018)>
2026-05-14 19:44:25,570 ERROR stock failed: code=601698 market=sh
Traceback (most recent call last):
  File "/Users/jianqiu.lei/PycharmProjects/0507/invest/stock_ma_monitor.py", line 649, in run
    result = analyze_stock(stock, source, windows, threshold_pct, latest_seen, history_limit)
  File "/Users/jianqiu.lei/PycharmProjects/0507/invest/stock_ma_monitor.py", line 376, in analyze_stock
    bars = source.get_daily_bars(stock.code, stock.market, limit)
  File "/Users/jianqiu.lei/PycharmProjects/0507/invest/stock_ma_monitor.py", line 81, in get_daily_bars
    raise RuntimeError(str(last_error or "unknown sina api error"))
RuntimeError: <urlopen error [SSL: CERTIFICATE_VERIFY_FAILED] certificate verify failed: unable to get local issuer certificate (_ssl.c:1018)>
2026-05-14 19:44:25,664 WARNING fetch failed: symbol=sz000021 attempt=1 url=https://money.finance.sina.com.cn/quotes_service/api/json_v2.php/CN_MarketData.getKLineData?symbol=sz000021&scale=240&ma=no&datalen=5000 error=<urlopen error [SSL: CERTIFICATE_VERIFY_FAILED] certificate verify failed: unable to get local issuer certificate (_ssl.c:1018)>
2026-05-14 19:44:25,756 WARNING fetch failed: symbol=sz000021 attempt=1 url=https://quotes.sina.cn/cn/api/jsonp_v2.php/var%20data=/CN_MarketDataService.getKLineData?symbol=sz000021&scale=240&ma=no&datalen=5000 error=<urlopen error [SSL: CERTIFICATE_VERIFY_FAILED] certificate verify failed: unable to get local issuer certificate (_ssl.c:1018)>
2026-05-14 19:44:26,867 WARNING fetch failed: symbol=sz000021 attempt=2 url=https://money.finance.sina.com.cn/quotes_service/api/json_v2.php/CN_MarketData.getKLineData?symbol=sz000021&scale=240&ma=no&datalen=5000 error=<urlopen error [SSL: CERTIFICATE_VERIFY_FAILED] certificate verify failed: unable to get local issuer certificate (_ssl.c:1018)>
2026-05-14 19:44:26,964 WARNING fetch failed: symbol=sz000021 attempt=2 url=https://quotes.sina.cn/cn/api/jsonp_v2.php/var%20data=/CN_MarketDataService.getKLineData?symbol=sz000021&scale=240&ma=no&datalen=5000 error=<urlopen error [SSL: CERTIFICATE_VERIFY_FAILED] certificate verify failed: unable to get local issuer certificate (_ssl.c:1018)>
2026-05-14 19:44:29,058 WARNING fetch failed: symbol=sz000021 attempt=3 url=https://money.finance.sina.com.cn/quotes_service/api/json_v2.php/CN_MarketData.getKLineData?symbol=sz000021&scale=240&ma=no&datalen=5000 error=<urlopen error [SSL: CERTIFICATE_VERIFY_FAILED] certificate verify failed: unable to get local issuer certificate (_ssl.c:1018)>
2026-05-14 19:44:29,154 WARNING fetch failed: symbol=sz000021 attempt=3 url=https://quotes.sina.cn/cn/api/jsonp_v2.php/var%20data=/CN_MarketDataService.getKLineData?symbol=sz000021&scale=240&ma=no&datalen=5000 error=<urlopen error [SSL: CERTIFICATE_VERIFY_FAILED] certificate verify failed: unable to get local issuer certificate (_ssl.c:1018)>
2026-05-14 19:44:29,154 ERROR stock failed: code=000021 market=sz
Traceback (most recent call last):
  File "/Users/jianqiu.lei/PycharmProjects/0507/invest/stock_ma_monitor.py", line 649, in run
    result = analyze_stock(stock, source, windows, threshold_pct, latest_seen, history_limit)
  File "/Users/jianqiu.lei/PycharmProjects/0507/invest/stock_ma_monitor.py", line 376, in analyze_stock
    bars = source.get_daily_bars(stock.code, stock.market, limit)
  File "/Users/jianqiu.lei/PycharmProjects/0507/invest/stock_ma_monitor.py", line 81, in get_daily_bars
    raise RuntimeError(str(last_error or "unknown sina api error"))
RuntimeError: <urlopen error [SSL: CERTIFICATE_VERIFY_FAILED] certificate verify failed: unable to get local issuer certificate (_ssl.c:1018)>
2026-05-14 19:44:29,260 WARNING fetch failed: symbol=sz159368 attempt=1 url=https://money.finance.sina.com.cn/quotes_service/api/json_v2.php/CN_MarketData.getKLineData?symbol=sz159368&scale=240&ma=no&datalen=5000 error=<urlopen error [SSL: CERTIFICATE_VERIFY_FAILED] certificate verify failed: unable to get local issuer certificate (_ssl.c:1018)>
2026-05-14 19:44:29,404 WARNING fetch failed: symbol=sz159368 attempt=1 url=https://quotes.sina.cn/cn/api/jsonp_v2.php/var%20data=/CN_MarketDataService.getKLineData?symbol=sz159368&scale=240&ma=no&datalen=5000 error=<urlopen error [SSL: CERTIFICATE_VERIFY_FAILED] certificate verify failed: unable to get local issuer certificate (_ssl.c:1018)>
2026-05-14 19:44:30,513 WARNING fetch failed: symbol=sz159368 attempt=2 url=https://money.finance.sina.com.cn/quotes_service/api/json_v2.php/CN_MarketData.getKLineData?symbol=sz159368&scale=240&ma=no&datalen=5000 error=<urlopen error [SSL: CERTIFICATE_VERIFY_FAILED] certificate verify failed: unable to get local issuer certificate (_ssl.c:1018)>
2026-05-14 19:44:30,606 WARNING fetch failed: symbol=sz159368 attempt=2 url=https://quotes.sina.cn/cn/api/jsonp_v2.php/var%20data=/CN_MarketDataService.getKLineData?symbol=sz159368&scale=240&ma=no&datalen=5000 error=<urlopen error [SSL: CERTIFICATE_VERIFY_FAILED] certificate verify failed: unable to get local issuer certificate (_ssl.c:1018)>
2026-05-14 19:44:32,706 WARNING fetch failed: symbol=sz159368 attempt=3 url=https://money.finance.sina.com.cn/quotes_service/api/json_v2.php/CN_MarketData.getKLineData?symbol=sz159368&scale=240&ma=no&datalen=5000 error=<urlopen error [SSL: CERTIFICATE_VERIFY_FAILED] certificate verify failed: unable to get local issuer certificate (_ssl.c:1018)>
2026-05-14 19:44:32,801 WARNING fetch failed: symbol=sz159368 attempt=3 url=https://quotes.sina.cn/cn/api/jsonp_v2.php/var%20data=/CN_MarketDataService.getKLineData?symbol=sz159368&scale=240&ma=no&datalen=5000 error=<urlopen error [SSL: CERTIFICATE_VERIFY_FAILED] certificate verify failed: unable to get local issuer certificate (_ssl.c:1018)>
2026-05-14 19:44:32,801 ERROR stock failed: code=159368 market=sz
Traceback (most recent call last):
  File "/Users/jianqiu.lei/PycharmProjects/0507/invest/stock_ma_monitor.py", line 649, in run
    result = analyze_stock(stock, source, windows, threshold_pct, latest_seen, history_limit)
  File "/Users/jianqiu.lei/PycharmProjects/0507/invest/stock_ma_monitor.py", line 376, in analyze_stock
    bars = source.get_daily_bars(stock.code, stock.market, limit)
  File "/Users/jianqiu.lei/PycharmProjects/0507/invest/stock_ma_monitor.py", line 81, in get_daily_bars
    raise RuntimeError(str(last_error or "unknown sina api error"))
RuntimeError: <urlopen error [SSL: CERTIFICATE_VERIFY_FAILED] certificate verify failed: unable to get local issuer certificate (_ssl.c:1018)>
2026-05-14 19:44:32,902 WARNING fetch failed: symbol=sh601615 attempt=1 url=https://money.finance.sina.com.cn/quotes_service/api/json_v2.php/CN_MarketData.getKLineData?symbol=sh601615&scale=240&ma=no&datalen=5000 error=<urlopen error [SSL: CERTIFICATE_VERIFY_FAILED] certificate verify failed: unable to get local issuer certificate (_ssl.c:1018)>
2026-05-14 19:44:33,004 WARNING fetch failed: symbol=sh601615 attempt=1 url=https://quotes.sina.cn/cn/api/jsonp_v2.php/var%20data=/CN_MarketDataService.getKLineData?symbol=sh601615&scale=240&ma=no&datalen=5000 error=<urlopen error [SSL: CERTIFICATE_VERIFY_FAILED] certificate verify failed: unable to get local issuer certificate (_ssl.c:1018)>
2026-05-14 19:44:34,107 WARNING fetch failed: symbol=sh601615 attempt=2 url=https://money.finance.sina.com.cn/quotes_service/api/json_v2.php/CN_MarketData.getKLineData?symbol=sh601615&scale=240&ma=no&datalen=5000 error=<urlopen error [SSL: CERTIFICATE_VERIFY_FAILED] certificate verify failed: unable to get local issuer certificate (_ssl.c:1018)>
2026-05-14 19:44:34,201 WARNING fetch failed: symbol=sh601615 attempt=2 url=https://quotes.sina.cn/cn/api/jsonp_v2.php/var%20data=/CN_MarketDataService.getKLineData?symbol=sh601615&scale=240&ma=no&datalen=5000 error=<urlopen error [SSL: CERTIFICATE_VERIFY_FAILED] certificate verify failed: unable to get local issuer certificate (_ssl.c:1018)>
2026-05-14 19:44:36,297 WARNING fetch failed: symbol=sh601615 attempt=3 url=https://money.finance.sina.com.cn/quotes_service/api/json_v2.php/CN_MarketData.getKLineData?symbol=sh601615&scale=240&ma=no&datalen=5000 error=<urlopen error [SSL: CERTIFICATE_VERIFY_FAILED] certificate verify failed: unable to get local issuer certificate (_ssl.c:1018)>
2026-05-14 19:44:36,398 WARNING fetch failed: symbol=sh601615 attempt=3 url=https://quotes.sina.cn/cn/api/jsonp_v2.php/var%20data=/CN_MarketDataService.getKLineData?symbol=sh601615&scale=240&ma=no&datalen=5000 error=<urlopen error [SSL: CERTIFICATE_VERIFY_FAILED] certificate verify failed: unable to get local issuer certificate (_ssl.c:1018)>
2026-05-14 19:44:36,398 ERROR stock failed: code=601615 market=sh
Traceback (most recent call last):
  File "/Users/jianqiu.lei/PycharmProjects/0507/invest/stock_ma_monitor.py", line 649, in run
    result = analyze_stock(stock, source, windows, threshold_pct, latest_seen, history_limit)
  File "/Users/jianqiu.lei/PycharmProjects/0507/invest/stock_ma_monitor.py", line 376, in analyze_stock
    bars = source.get_daily_bars(stock.code, stock.market, limit)
  File "/Users/jianqiu.lei/PycharmProjects/0507/invest/stock_ma_monitor.py", line 81, in get_daily_bars
    raise RuntimeError(str(last_error or "unknown sina api error"))
RuntimeError: <urlopen error [SSL: CERTIFICATE_VERIFY_FAILED] certificate verify failed: unable to get local issuer certificate (_ssl.c:1018)>
2026-05-14 19:44:36,494 WARNING fetch failed: symbol=sh603606 attempt=1 url=https://money.finance.sina.com.cn/quotes_service/api/json_v2.php/CN_MarketData.getKLineData?symbol=sh603606&scale=240&ma=no&datalen=5000 error=<urlopen error [SSL: CERTIFICATE_VERIFY_FAILED] certificate verify failed: unable to get local issuer certificate (_ssl.c:1018)>
2026-05-14 19:44:36,595 WARNING fetch failed: symbol=sh603606 attempt=1 url=https://quotes.sina.cn/cn/api/jsonp_v2.php/var%20data=/CN_MarketDataService.getKLineData?symbol=sh603606&scale=240&ma=no&datalen=5000 error=<urlopen error [SSL: CERTIFICATE_VERIFY_FAILED] certificate verify failed: unable to get local issuer certificate (_ssl.c:1018)>
2026-05-14 19:44:37,695 WARNING fetch failed: symbol=sh603606 attempt=2 url=https://money.finance.sina.com.cn/quotes_service/api/json_v2.php/CN_MarketData.getKLineData?symbol=sh603606&scale=240&ma=no&datalen=5000 error=<urlopen error [SSL: CERTIFICATE_VERIFY_FAILED] certificate verify failed: unable to get local issuer certificate (_ssl.c:1018)>
2026-05-14 19:44:37,794 WARNING fetch failed: symbol=sh603606 attempt=2 url=https://quotes.sina.cn/cn/api/jsonp_v2.php/var%20data=/CN_MarketDataService.getKLineData?symbol=sh603606&scale=240&ma=no&datalen=5000 error=<urlopen error [SSL: CERTIFICATE_VERIFY_FAILED] certificate verify failed: unable to get local issuer certificate (_ssl.c:1018)>
2026-05-14 19:44:39,899 WARNING fetch failed: symbol=sh603606 attempt=3 url=https://money.finance.sina.com.cn/quotes_service/api/json_v2.php/CN_MarketData.getKLineData?symbol=sh603606&scale=240&ma=no&datalen=5000 error=<urlopen error [SSL: CERTIFICATE_VERIFY_FAILED] certificate verify failed: unable to get local issuer certificate (_ssl.c:1018)>
2026-05-14 19:44:39,991 WARNING fetch failed: symbol=sh603606 attempt=3 url=https://quotes.sina.cn/cn/api/jsonp_v2.php/var%20data=/CN_MarketDataService.getKLineData?symbol=sh603606&scale=240&ma=no&datalen=5000 error=<urlopen error [SSL: CERTIFICATE_VERIFY_FAILED] certificate verify failed: unable to get local issuer certificate (_ssl.c:1018)>
2026-05-14 19:44:39,994 ERROR stock failed: code=603606 market=sh
Traceback (most recent call last):
  File "/Users/jianqiu.lei/PycharmProjects/0507/invest/stock_ma_monitor.py", line 649, in run
    result = analyze_stock(stock, source, windows, threshold_pct, latest_seen, history_limit)
  File "/Users/jianqiu.lei/PycharmProjects/0507/invest/stock_ma_monitor.py", line 376, in analyze_stock
    bars = source.get_daily_bars(stock.code, stock.market, limit)
  File "/Users/jianqiu.lei/PycharmProjects/0507/invest/stock_ma_monitor.py", line 81, in get_daily_bars
    raise RuntimeError(str(last_error or "unknown sina api error"))
RuntimeError: <urlopen error [SSL: CERTIFICATE_VERIFY_FAILED] certificate verify failed: unable to get local issuer certificate (_ssl.c:1018)>
2026-05-14 19:44:40,092 WARNING fetch failed: symbol=sz002429 attempt=1 url=https://money.finance.sina.com.cn/quotes_service/api/json_v2.php/CN_MarketData.getKLineData?symbol=sz002429&scale=240&ma=no&datalen=5000 error=<urlopen error [SSL: CERTIFICATE_VERIFY_FAILED] certificate verify failed: unable to get local issuer certificate (_ssl.c:1018)>
2026-05-14 19:44:40,196 WARNING fetch failed: symbol=sz002429 attempt=1 url=https://quotes.sina.cn/cn/api/jsonp_v2.php/var%20data=/CN_MarketDataService.getKLineData?symbol=sz002429&scale=240&ma=no&datalen=5000 error=<urlopen error [SSL: CERTIFICATE_VERIFY_FAILED] certificate verify failed: unable to get local issuer certificate (_ssl.c:1018)>
2026-05-14 19:44:41,321 WARNING fetch failed: symbol=sz002429 attempt=2 url=https://money.finance.sina.com.cn/quotes_service/api/json_v2.php/CN_MarketData.getKLineData?symbol=sz002429&scale=240&ma=no&datalen=5000 error=<urlopen error [SSL: CERTIFICATE_VERIFY_FAILED] certificate verify failed: unable to get local issuer certificate (_ssl.c:1018)>
2026-05-14 19:44:41,472 WARNING fetch failed: symbol=sz002429 attempt=2 url=https://quotes.sina.cn/cn/api/jsonp_v2.php/var%20data=/CN_MarketDataService.getKLineData?symbol=sz002429&scale=240&ma=no&datalen=5000 error=<urlopen error [SSL: CERTIFICATE_VERIFY_FAILED] certificate verify failed: unable to get local issuer certificate (_ssl.c:1018)>
2026-05-14 19:44:43,567 WARNING fetch failed: symbol=sz002429 attempt=3 url=https://money.finance.sina.com.cn/quotes_service/api/json_v2.php/CN_MarketData.getKLineData?symbol=sz002429&scale=240&ma=no&datalen=5000 error=<urlopen error [SSL: CERTIFICATE_VERIFY_FAILED] certificate verify failed: unable to get local issuer certificate (_ssl.c:1018)>
2026-05-14 19:44:43,659 WARNING fetch failed: symbol=sz002429 attempt=3 url=https://quotes.sina.cn/cn/api/jsonp_v2.php/var%20data=/CN_MarketDataService.getKLineData?symbol=sz002429&scale=240&ma=no&datalen=5000 error=<urlopen error [SSL: CERTIFICATE_VERIFY_FAILED] certificate verify failed: unable to get local issuer certificate (_ssl.c:1018)>
2026-05-14 19:44:43,659 ERROR stock failed: code=002429 market=sz
Traceback (most recent call last):
  File "/Users/jianqiu.lei/PycharmProjects/0507/invest/stock_ma_monitor.py", line 649, in run
    result = analyze_stock(stock, source, windows, threshold_pct, latest_seen, history_limit)
  File "/Users/jianqiu.lei/PycharmProjects/0507/invest/stock_ma_monitor.py", line 376, in analyze_stock
    bars = source.get_daily_bars(stock.code, stock.market, limit)
  File "/Users/jianqiu.lei/PycharmProjects/0507/invest/stock_ma_monitor.py", line 81, in get_daily_bars
    raise RuntimeError(str(last_error or "unknown sina api error"))
RuntimeError: <urlopen error [SSL: CERTIFICATE_VERIFY_FAILED] certificate verify failed: unable to get local issuer certificate (_ssl.c:1018)>
2026-05-14 19:44:43,756 WARNING fetch failed: symbol=sh601166 attempt=1 url=https://money.finance.sina.com.cn/quotes_service/api/json_v2.php/CN_MarketData.getKLineData?symbol=sh601166&scale=240&ma=no&datalen=5000 error=<urlopen error [SSL: CERTIFICATE_VERIFY_FAILED] certificate verify failed: unable to get local issuer certificate (_ssl.c:1018)>
2026-05-14 19:44:43,846 WARNING fetch failed: symbol=sh601166 attempt=1 url=https://quotes.sina.cn/cn/api/jsonp_v2.php/var%20data=/CN_MarketDataService.getKLineData?symbol=sh601166&scale=240&ma=no&datalen=5000 error=<urlopen error [SSL: CERTIFICATE_VERIFY_FAILED] certificate verify failed: unable to get local issuer certificate (_ssl.c:1018)>
2026-05-14 19:44:44,953 WARNING fetch failed: symbol=sh601166 attempt=2 url=https://money.finance.sina.com.cn/quotes_service/api/json_v2.php/CN_MarketData.getKLineData?symbol=sh601166&scale=240&ma=no&datalen=5000 error=<urlopen error [SSL: CERTIFICATE_VERIFY_FAILED] certificate verify failed: unable to get local issuer certificate (_ssl.c:1018)>
2026-05-14 19:44:45,054 WARNING fetch failed: symbol=sh601166 attempt=2 url=https://quotes.sina.cn/cn/api/jsonp_v2.php/var%20data=/CN_MarketDataService.getKLineData?symbol=sh601166&scale=240&ma=no&datalen=5000 error=<urlopen error [SSL: CERTIFICATE_VERIFY_FAILED] certificate verify failed: unable to get local issuer certificate (_ssl.c:1018)>
2026-05-14 19:44:47,159 WARNING fetch failed: symbol=sh601166 attempt=3 url=https://money.finance.sina.com.cn/quotes_service/api/json_v2.php/CN_MarketData.getKLineData?symbol=sh601166&scale=240&ma=no&datalen=5000 error=<urlopen error [SSL: CERTIFICATE_VERIFY_FAILED] certificate verify failed: unable to get local issuer certificate (_ssl.c:1018)>
2026-05-14 19:44:47,272 WARNING fetch failed: symbol=sh601166 attempt=3 url=https://quotes.sina.cn/cn/api/jsonp_v2.php/var%20data=/CN_MarketDataService.getKLineData?symbol=sh601166&scale=240&ma=no&datalen=5000 error=<urlopen error [SSL: CERTIFICATE_VERIFY_FAILED] certificate verify failed: unable to get local issuer certificate (_ssl.c:1018)>
2026-05-14 19:44:47,272 ERROR stock failed: code=601166 market=sh
Traceback (most recent call last):
  File "/Users/jianqiu.lei/PycharmProjects/0507/invest/stock_ma_monitor.py", line 649, in run
    result = analyze_stock(stock, source, windows, threshold_pct, latest_seen, history_limit)
  File "/Users/jianqiu.lei/PycharmProjects/0507/invest/stock_ma_monitor.py", line 376, in analyze_stock
    bars = source.get_daily_bars(stock.code, stock.market, limit)
  File "/Users/jianqiu.lei/PycharmProjects/0507/invest/stock_ma_monitor.py", line 81, in get_daily_bars
    raise RuntimeError(str(last_error or "unknown sina api error"))
RuntimeError: <urlopen error [SSL: CERTIFICATE_VERIFY_FAILED] certificate verify failed: unable to get local issuer certificate (_ssl.c:1018)>
2026-05-14 19:44:47,392 WARNING fetch failed: symbol=sh600498 attempt=1 url=https://money.finance.sina.com.cn/quotes_service/api/json_v2.php/CN_MarketData.getKLineData?symbol=sh600498&scale=240&ma=no&datalen=5000 error=<urlopen error [SSL: CERTIFICATE_VERIFY_FAILED] certificate verify failed: unable to get local issuer certificate (_ssl.c:1018)>
2026-05-14 19:44:47,487 WARNING fetch failed: symbol=sh600498 attempt=1 url=https://quotes.sina.cn/cn/api/jsonp_v2.php/var%20data=/CN_MarketDataService.getKLineData?symbol=sh600498&scale=240&ma=no&datalen=5000 error=<urlopen error [SSL: CERTIFICATE_VERIFY_FAILED] certificate verify failed: unable to get local issuer certificate (_ssl.c:1018)>
2026-05-14 19:44:48,600 WARNING fetch failed: symbol=sh600498 attempt=2 url=https://money.finance.sina.com.cn/quotes_service/api/json_v2.php/CN_MarketData.getKLineData?symbol=sh600498&scale=240&ma=no&datalen=5000 error=<urlopen error [SSL: CERTIFICATE_VERIFY_FAILED] certificate verify failed: unable to get local issuer certificate (_ssl.c:1018)>
2026-05-14 19:44:48,691 WARNING fetch failed: symbol=sh600498 attempt=2 url=https://quotes.sina.cn/cn/api/jsonp_v2.php/var%20data=/CN_MarketDataService.getKLineData?symbol=sh600498&scale=240&ma=no&datalen=5000 error=<urlopen error [SSL: CERTIFICATE_VERIFY_FAILED] certificate verify failed: unable to get local issuer certificate (_ssl.c:1018)>
2026-05-14 19:44:50,811 WARNING fetch failed: symbol=sh600498 attempt=3 url=https://money.finance.sina.com.cn/quotes_service/api/json_v2.php/CN_MarketData.getKLineData?symbol=sh600498&scale=240&ma=no&datalen=5000 error=<urlopen error [SSL: CERTIFICATE_VERIFY_FAILED] certificate verify failed: unable to get local issuer certificate (_ssl.c:1018)>
2026-05-14 19:44:50,901 WARNING fetch failed: symbol=sh600498 attempt=3 url=https://quotes.sina.cn/cn/api/jsonp_v2.php/var%20data=/CN_MarketDataService.getKLineData?symbol=sh600498&scale=240&ma=no&datalen=5000 error=<urlopen error [SSL: CERTIFICATE_VERIFY_FAILED] certificate verify failed: unable to get local issuer certificate (_ssl.c:1018)>
2026-05-14 19:44:50,902 ERROR stock failed: code=600498 market=sh
Traceback (most recent call last):
  File "/Users/jianqiu.lei/PycharmProjects/0507/invest/stock_ma_monitor.py", line 649, in run
    result = analyze_stock(stock, source, windows, threshold_pct, latest_seen, history_limit)
  File "/Users/jianqiu.lei/PycharmProjects/0507/invest/stock_ma_monitor.py", line 376, in analyze_stock
    bars = source.get_daily_bars(stock.code, stock.market, limit)
  File "/Users/jianqiu.lei/PycharmProjects/0507/invest/stock_ma_monitor.py", line 81, in get_daily_bars
    raise RuntimeError(str(last_error or "unknown sina api error"))
RuntimeError: <urlopen error [SSL: CERTIFICATE_VERIFY_FAILED] certificate verify failed: unable to get local issuer certificate (_ssl.c:1018)>
2026-05-14 19:44:51,001 WARNING fetch failed: symbol=sz000831 attempt=1 url=https://money.finance.sina.com.cn/quotes_service/api/json_v2.php/CN_MarketData.getKLineData?symbol=sz000831&scale=240&ma=no&datalen=5000 error=<urlopen error [SSL: CERTIFICATE_VERIFY_FAILED] certificate verify failed: unable to get local issuer certificate (_ssl.c:1018)>
2026-05-14 19:44:51,108 WARNING fetch failed: symbol=sz000831 attempt=1 url=https://quotes.sina.cn/cn/api/jsonp_v2.php/var%20data=/CN_MarketDataService.getKLineData?symbol=sz000831&scale=240&ma=no&datalen=5000 error=<urlopen error [SSL: CERTIFICATE_VERIFY_FAILED] certificate verify failed: unable to get local issuer certificate (_ssl.c:1018)>
2026-05-14 19:44:52,207 WARNING fetch failed: symbol=sz000831 attempt=2 url=https://money.finance.sina.com.cn/quotes_service/api/json_v2.php/CN_MarketData.getKLineData?symbol=sz000831&scale=240&ma=no&datalen=5000 error=<urlopen error [SSL: CERTIFICATE_VERIFY_FAILED] certificate verify failed: unable to get local issuer certificate (_ssl.c:1018)>
2026-05-14 19:44:52,314 WARNING fetch failed: symbol=sz000831 attempt=2 url=https://quotes.sina.cn/cn/api/jsonp_v2.php/var%20data=/CN_MarketDataService.getKLineData?symbol=sz000831&scale=240&ma=no&datalen=5000 error=<urlopen error [SSL: CERTIFICATE_VERIFY_FAILED] certificate verify failed: unable to get local issuer certificate (_ssl.c:1018)>
2026-05-14 19:44:54,415 WARNING fetch failed: symbol=sz000831 attempt=3 url=https://money.finance.sina.com.cn/quotes_service/api/json_v2.php/CN_MarketData.getKLineData?symbol=sz000831&scale=240&ma=no&datalen=5000 error=<urlopen error [SSL: CERTIFICATE_VERIFY_FAILED] certificate verify failed: unable to get local issuer certificate (_ssl.c:1018)>
2026-05-14 19:44:54,510 WARNING fetch failed: symbol=sz000831 attempt=3 url=https://quotes.sina.cn/cn/api/jsonp_v2.php/var%20data=/CN_MarketDataService.getKLineData?symbol=sz000831&scale=240&ma=no&datalen=5000 error=<urlopen error [SSL: CERTIFICATE_VERIFY_FAILED] certificate verify failed: unable to get local issuer certificate (_ssl.c:1018)>
2026-05-14 19:44:54,510 ERROR stock failed: code=000831 market=sz
Traceback (most recent call last):
  File "/Users/jianqiu.lei/PycharmProjects/0507/invest/stock_ma_monitor.py", line 649, in run
    result = analyze_stock(stock, source, windows, threshold_pct, latest_seen, history_limit)
  File "/Users/jianqiu.lei/PycharmProjects/0507/invest/stock_ma_monitor.py", line 376, in analyze_stock
    bars = source.get_daily_bars(stock.code, stock.market, limit)
  File "/Users/jianqiu.lei/PycharmProjects/0507/invest/stock_ma_monitor.py", line 81, in get_daily_bars
    raise RuntimeError(str(last_error or "unknown sina api error"))
RuntimeError: <urlopen error [SSL: CERTIFICATE_VERIFY_FAILED] certificate verify failed: unable to get local issuer certificate (_ssl.c:1018)>
2026-05-14 19:44:54,610 WARNING fetch failed: symbol=sh603920 attempt=1 url=https://money.finance.sina.com.cn/quotes_service/api/json_v2.php/CN_MarketData.getKLineData?symbol=sh603920&scale=240&ma=no&datalen=5000 error=<urlopen error [SSL: CERTIFICATE_VERIFY_FAILED] certificate verify failed: unable to get local issuer certificate (_ssl.c:1018)>
2026-05-14 19:44:54,710 WARNING fetch failed: symbol=sh603920 attempt=1 url=https://quotes.sina.cn/cn/api/jsonp_v2.php/var%20data=/CN_MarketDataService.getKLineData?symbol=sh603920&scale=240&ma=no&datalen=5000 error=<urlopen error [SSL: CERTIFICATE_VERIFY_FAILED] certificate verify failed: unable to get local issuer certificate (_ssl.c:1018)>
2026-05-14 19:44:55,815 WARNING fetch failed: symbol=sh603920 attempt=2 url=https://money.finance.sina.com.cn/quotes_service/api/json_v2.php/CN_MarketData.getKLineData?symbol=sh603920&scale=240&ma=no&datalen=5000 error=<urlopen error [SSL: CERTIFICATE_VERIFY_FAILED] certificate verify failed: unable to get local issuer certificate (_ssl.c:1018)>
2026-05-14 19:44:55,909 WARNING fetch failed: symbol=sh603920 attempt=2 url=https://quotes.sina.cn/cn/api/jsonp_v2.php/var%20data=/CN_MarketDataService.getKLineData?symbol=sh603920&scale=240&ma=no&datalen=5000 error=<urlopen error [SSL: CERTIFICATE_VERIFY_FAILED] certificate verify failed: unable to get local issuer certificate (_ssl.c:1018)>
2026-05-14 19:44:58,021 WARNING fetch failed: symbol=sh603920 attempt=3 url=https://money.finance.sina.com.cn/quotes_service/api/json_v2.php/CN_MarketData.getKLineData?symbol=sh603920&scale=240&ma=no&datalen=5000 error=<urlopen error [SSL: CERTIFICATE_VERIFY_FAILED] certificate verify failed: unable to get local issuer certificate (_ssl.c:1018)>
2026-05-14 19:44:58,130 WARNING fetch failed: symbol=sh603920 attempt=3 url=https://quotes.sina.cn/cn/api/jsonp_v2.php/var%20data=/CN_MarketDataService.getKLineData?symbol=sh603920&scale=240&ma=no&datalen=5000 error=<urlopen error [SSL: CERTIFICATE_VERIFY_FAILED] certificate verify failed: unable to get local issuer certificate (_ssl.c:1018)>
2026-05-14 19:44:58,130 ERROR stock failed: code=603920 market=sh
Traceback (most recent call last):
  File "/Users/jianqiu.lei/PycharmProjects/0507/invest/stock_ma_monitor.py", line 649, in run
    result = analyze_stock(stock, source, windows, threshold_pct, latest_seen, history_limit)
  File "/Users/jianqiu.lei/PycharmProjects/0507/invest/stock_ma_monitor.py", line 376, in analyze_stock
    bars = source.get_daily_bars(stock.code, stock.market, limit)
  File "/Users/jianqiu.lei/PycharmProjects/0507/invest/stock_ma_monitor.py", line 81, in get_daily_bars
    raise RuntimeError(str(last_error or "unknown sina api error"))
RuntimeError: <urlopen error [SSL: CERTIFICATE_VERIFY_FAILED] certificate verify failed: unable to get local issuer certificate (_ssl.c:1018)>
2026-05-14 19:44:58,233 WARNING fetch failed: symbol=sh600089 attempt=1 url=https://money.finance.sina.com.cn/quotes_service/api/json_v2.php/CN_MarketData.getKLineData?symbol=sh600089&scale=240&ma=no&datalen=5000 error=<urlopen error [SSL: CERTIFICATE_VERIFY_FAILED] certificate verify failed: unable to get local issuer certificate (_ssl.c:1018)>
2026-05-14 19:44:58,322 WARNING fetch failed: symbol=sh600089 attempt=1 url=https://quotes.sina.cn/cn/api/jsonp_v2.php/var%20data=/CN_MarketDataService.getKLineData?symbol=sh600089&scale=240&ma=no&datalen=5000 error=<urlopen error [SSL: CERTIFICATE_VERIFY_FAILED] certificate verify failed: unable to get local issuer certificate (_ssl.c:1018)>
2026-05-14 19:44:59,419 WARNING fetch failed: symbol=sh600089 attempt=2 url=https://money.finance.sina.com.cn/quotes_service/api/json_v2.php/CN_MarketData.getKLineData?symbol=sh600089&scale=240&ma=no&datalen=5000 error=<urlopen error [SSL: CERTIFICATE_VERIFY_FAILED] certificate verify failed: unable to get local issuer certificate (_ssl.c:1018)>
2026-05-14 19:44:59,513 WARNING fetch failed: symbol=sh600089 attempt=2 url=https://quotes.sina.cn/cn/api/jsonp_v2.php/var%20data=/CN_MarketDataService.getKLineData?symbol=sh600089&scale=240&ma=no&datalen=5000 error=<urlopen error [SSL: CERTIFICATE_VERIFY_FAILED] certificate verify failed: unable to get local issuer certificate (_ssl.c:1018)>
2026-05-14 19:45:01,619 WARNING fetch failed: symbol=sh600089 attempt=3 url=https://money.finance.sina.com.cn/quotes_service/api/json_v2.php/CN_MarketData.getKLineData?symbol=sh600089&scale=240&ma=no&datalen=5000 error=<urlopen error [SSL: CERTIFICATE_VERIFY_FAILED] certificate verify failed: unable to get local issuer certificate (_ssl.c:1018)>
2026-05-14 19:45:01,716 WARNING fetch failed: symbol=sh600089 attempt=3 url=https://quotes.sina.cn/cn/api/jsonp_v2.php/var%20data=/CN_MarketDataService.getKLineData?symbol=sh600089&scale=240&ma=no&datalen=5000 error=<urlopen error [SSL: CERTIFICATE_VERIFY_FAILED] certificate verify failed: unable to get local issuer certificate (_ssl.c:1018)>
2026-05-14 19:45:01,717 ERROR stock failed: code=600089 market=sh
Traceback (most recent call last):
  File "/Users/jianqiu.lei/PycharmProjects/0507/invest/stock_ma_monitor.py", line 649, in run
    result = analyze_stock(stock, source, windows, threshold_pct, latest_seen, history_limit)
  File "/Users/jianqiu.lei/PycharmProjects/0507/invest/stock_ma_monitor.py", line 376, in analyze_stock
    bars = source.get_daily_bars(stock.code, stock.market, limit)
  File "/Users/jianqiu.lei/PycharmProjects/0507/invest/stock_ma_monitor.py", line 81, in get_daily_bars
    raise RuntimeError(str(last_error or "unknown sina api error"))
RuntimeError: <urlopen error [SSL: CERTIFICATE_VERIFY_FAILED] certificate verify failed: unable to get local issuer certificate (_ssl.c:1018)>
2026-05-14 19:45:01,863 WARNING fetch failed: symbol=sh560090 attempt=1 url=https://money.finance.sina.com.cn/quotes_service/api/json_v2.php/CN_MarketData.getKLineData?symbol=sh560090&scale=240&ma=no&datalen=5000 error=<urlopen error [SSL: CERTIFICATE_VERIFY_FAILED] certificate verify failed: unable to get local issuer certificate (_ssl.c:1018)>
2026-05-14 19:45:01,961 WARNING fetch failed: symbol=sh560090 attempt=1 url=https://quotes.sina.cn/cn/api/jsonp_v2.php/var%20data=/CN_MarketDataService.getKLineData?symbol=sh560090&scale=240&ma=no&datalen=5000 error=<urlopen error [SSL: CERTIFICATE_VERIFY_FAILED] certificate verify failed: unable to get local issuer certificate (_ssl.c:1018)>
2026-05-14 19:45:03,073 WARNING fetch failed: symbol=sh560090 attempt=2 url=https://money.finance.sina.com.cn/quotes_service/api/json_v2.php/CN_MarketData.getKLineData?symbol=sh560090&scale=240&ma=no&datalen=5000 error=<urlopen error [SSL: CERTIFICATE_VERIFY_FAILED] certificate verify failed: unable to get local issuer certificate (_ssl.c:1018)>
2026-05-14 19:45:03,176 WARNING fetch failed: symbol=sh560090 attempt=2 url=https://quotes.sina.cn/cn/api/jsonp_v2.php/var%20data=/CN_MarketDataService.getKLineData?symbol=sh560090&scale=240&ma=no&datalen=5000 error=<urlopen error [SSL: CERTIFICATE_VERIFY_FAILED] certificate verify failed: unable to get local issuer certificate (_ssl.c:1018)>
2026-05-14 19:45:05,277 WARNING fetch failed: symbol=sh560090 attempt=3 url=https://money.finance.sina.com.cn/quotes_service/api/json_v2.php/CN_MarketData.getKLineData?symbol=sh560090&scale=240&ma=no&datalen=5000 error=<urlopen error [SSL: CERTIFICATE_VERIFY_FAILED] certificate verify failed: unable to get local issuer certificate (_ssl.c:1018)>
2026-05-14 19:45:05,374 WARNING fetch failed: symbol=sh560090 attempt=3 url=https://quotes.sina.cn/cn/api/jsonp_v2.php/var%20data=/CN_MarketDataService.getKLineData?symbol=sh560090&scale=240&ma=no&datalen=5000 error=<urlopen error [SSL: CERTIFICATE_VERIFY_FAILED] certificate verify failed: unable to get local issuer certificate (_ssl.c:1018)>
2026-05-14 19:45:05,375 ERROR stock failed: code=560090 market=sh
Traceback (most recent call last):
  File "/Users/jianqiu.lei/PycharmProjects/0507/invest/stock_ma_monitor.py", line 649, in run
    result = analyze_stock(stock, source, windows, threshold_pct, latest_seen, history_limit)
  File "/Users/jianqiu.lei/PycharmProjects/0507/invest/stock_ma_monitor.py", line 376, in analyze_stock
    bars = source.get_daily_bars(stock.code, stock.market, limit)
  File "/Users/jianqiu.lei/PycharmProjects/0507/invest/stock_ma_monitor.py", line 81, in get_daily_bars
    raise RuntimeError(str(last_error or "unknown sina api error"))
RuntimeError: <urlopen error [SSL: CERTIFICATE_VERIFY_FAILED] certificate verify failed: unable to get local issuer certificate (_ssl.c:1018)>
2026-05-14 19:45:05,465 WARNING fetch failed: symbol=sz000063 attempt=1 url=https://money.finance.sina.com.cn/quotes_service/api/json_v2.php/CN_MarketData.getKLineData?symbol=sz000063&scale=240&ma=no&datalen=5000 error=<urlopen error [SSL: CERTIFICATE_VERIFY_FAILED] certificate verify failed: unable to get local issuer certificate (_ssl.c:1018)>
2026-05-14 19:45:05,562 WARNING fetch failed: symbol=sz000063 attempt=1 url=https://quotes.sina.cn/cn/api/jsonp_v2.php/var%20data=/CN_MarketDataService.getKLineData?symbol=sz000063&scale=240&ma=no&datalen=5000 error=<urlopen error [SSL: CERTIFICATE_VERIFY_FAILED] certificate verify failed: unable to get local issuer certificate (_ssl.c:1018)>
2026-05-14 20:00:04,954 INFO report generated: output/a_stock_ma_report.html success=36 failed=0
2026-05-14 20:17:56,237 INFO report generated: output/a_stock_ma_report.html success=34 failed=0
2026-05-14 20:35:41,573 WARNING Primary source failed for 002602: Tencent API Error: 'list' object has no attribute 'get'
2026-05-14 20:35:45,383 WARNING Primary source failed for 600160: Tencent API Error: 'list' object has no attribute 'get'
2026-05-14 20:35:49,375 WARNING Primary source failed for 600673: Tencent API Error: 'list' object has no attribute 'get'
2026-05-14 20:35:53,263 WARNING Primary source failed for 002138: Tencent API Error: 'list' object has no attribute 'get'
2026-05-14 20:35:57,104 WARNING Primary source failed for 601698: Tencent API Error: 'list' object has no attribute 'get'
2026-05-14 20:36:01,255 WARNING Primary source failed for 000021: Tencent API Error: 'list' object has no attribute 'get'
2026-05-14 20:36:05,147 WARNING Primary source failed for 159368: Tencent API Error: 'list' object has no attribute 'get'
2026-05-14 20:36:08,754 WARNING Primary source failed for 601615: Tencent API Error: 'list' object has no attribute 'get'
2026-05-14 20:36:12,490 WARNING Primary source failed for 603606: Tencent API Error: 'list' object has no attribute 'get'
2026-05-14 20:36:16,282 WARNING Primary source failed for 002429: Tencent API Error: 'list' object has no attribute 'get'
2026-05-14 20:36:21,096 WARNING Primary source failed for 601166: Tencent API Error: 'list' object has no attribute 'get'
2026-05-14 20:36:24,968 WARNING Primary source failed for 600259: Tencent API Error: 'list' object has no attribute 'get'
2026-05-14 20:36:28,854 WARNING Primary source failed for 000831: Tencent API Error: 'list' object has no attribute 'get'
2026-05-14 20:36:32,774 WARNING Primary source failed for 603920: Tencent API Error: 'list' object has no attribute 'get'
2026-05-14 20:36:36,532 WARNING Primary source failed for 600089: Tencent API Error: 'list' object has no attribute 'get'
2026-05-14 20:36:40,414 WARNING Primary source failed for 560090: Tencent API Error: 'list' object has no attribute 'get'
2026-05-14 20:36:44,075 WARNING Primary source failed for 000063: Tencent API Error: 'list' object has no attribute 'get'
2026-05-14 20:36:48,016 WARNING Primary source failed for 000776: Tencent API Error: 'list' object has no attribute 'get'
2026-05-14 20:36:52,024 WARNING Primary source failed for 601600: Tencent API Error: 'list' object has no attribute 'get'
2026-05-14 20:36:55,942 WARNING Primary source failed for 159516: Tencent API Error: 'list' object has no attribute 'get'
2026-05-14 20:36:59,610 WARNING Primary source failed for 600143: Tencent API Error: 'list' object has no attribute 'get'
2026-05-14 20:37:03,497 WARNING Primary source failed for 601020: Tencent API Error: 'list' object has no attribute 'get'
2026-05-14 20:37:07,248 WARNING Primary source failed for 002202: Tencent API Error: 'list' object has no attribute 'get'
2026-05-14 20:37:11,079 WARNING Primary source failed for 601211: Tencent API Error: 'list' object has no attribute 'get'
2026-05-14 20:37:14,942 WARNING Primary source failed for 159957: Tencent API Error: 'list' object has no attribute 'get'
2026-05-14 20:37:18,684 WARNING Primary source failed for 600489: Tencent API Error: 'list' object has no attribute 'get'
2026-05-14 20:37:22,564 WARNING Primary source failed for 002600: Tencent API Error: 'list' object has no attribute 'get'
2026-05-14 20:37:26,349 WARNING Primary source failed for 002384: Tencent API Error: 'list' object has no attribute 'get'
2026-05-14 20:37:30,185 WARNING Primary source failed for 600114: Tencent API Error: 'list' object has no attribute 'get'
2026-05-14 20:37:34,154 WARNING Primary source failed for 000977: Tencent API Error: 'list' object has no attribute 'get'
2026-05-14 20:37:38,067 WARNING Primary source failed for 600584: Tencent API Error: 'list' object has no attribute 'get'
2026-05-14 20:37:41,939 WARNING Primary source failed for 603296: Tencent API Error: 'list' object has no attribute 'get'
2026-05-14 20:37:45,556 WARNING Primary source failed for 603799: Tencent API Error: 'list' object has no attribute 'get'
2026-05-14 20:37:49,374 WARNING Primary source failed for 002851: Tencent API Error: 'list' object has no attribute 'get'
2026-05-14 20:37:49,756 INFO report generated: output/a_stock_ma_report.html success=34 failed=0
2026-05-14 20:43:56,410 WARNING Primary source failed for 002602: Tencent API Error: 'list' object has no attribute 'get'
2026-05-14 20:44:00,086 WARNING Primary source failed for 600160: Tencent API Error: 'list' object has no attribute 'get'
2026-05-14 20:44:03,763 WARNING Primary source failed for 600673: Tencent API Error: 'list' object has no attribute 'get'
2026-05-14 20:44:07,464 WARNING Primary source failed for 002138: Tencent API Error: 'list' object has no attribute 'get'
2026-05-14 20:44:11,191 WARNING Primary source failed for 601698: Tencent API Error: 'list' object has no attribute 'get'
2026-05-14 20:44:14,816 WARNING Primary source failed for 000021: Tencent API Error: 'list' object has no attribute 'get'
2026-05-14 20:44:18,690 WARNING Primary source failed for 159368: Tencent API Error: 'list' object has no attribute 'get'
2026-05-14 20:44:22,217 WARNING Primary source failed for 601615: Tencent API Error: 'list' object has no attribute 'get'
2026-05-14 20:44:25,826 WARNING Primary source failed for 603606: Tencent API Error: 'list' object has no attribute 'get'
2026-05-14 20:44:29,479 WARNING Primary source failed for 002429: Tencent API Error: 'list' object has no attribute 'get'
2026-05-14 20:44:33,173 WARNING Primary source failed for 601166: Tencent API Error: 'list' object has no attribute 'get'
2026-05-14 20:44:37,831 WARNING Primary source failed for 600259: Tencent API Error: 'list' object has no attribute 'get'
2026-05-14 20:44:41,542 WARNING Primary source failed for 000831: Tencent API Error: 'list' object has no attribute 'get'
2026-05-14 20:44:45,244 WARNING Primary source failed for 603920: Tencent API Error: 'list' object has no attribute 'get'
2026-05-14 20:44:48,864 WARNING Primary source failed for 600089: Tencent API Error: 'list' object has no attribute 'get'
2026-05-14 20:44:52,694 WARNING Primary source failed for 560090: Tencent API Error: 'list' object has no attribute 'get'
2026-05-14 20:44:56,306 WARNING Primary source failed for 000063: Tencent API Error: 'list' object has no attribute 'get'
2026-05-14 20:44:59,994 WARNING Primary source failed for 000776: Tencent API Error: 'list' object has no attribute 'get'
2026-05-14 20:45:03,389 WARNING Secondary source also failed for 000776: EastMoney API Error: Remote end closed connection without response
2026-05-14 20:45:06,771 WARNING Primary source failed for 601600: Tencent API Error: 'list' object has no attribute 'get'
2026-05-14 20:45:10,130 WARNING Secondary source also failed for 601600: EastMoney API Error: Remote end closed connection without response
2026-05-14 20:45:13,595 WARNING Primary source failed for 159516: Tencent API Error: 'list' object has no attribute 'get'
2026-05-14 20:45:17,150 WARNING Primary source failed for 600143: Tencent API Error: 'list' object has no attribute 'get'
2026-05-14 20:45:20,740 WARNING Primary source failed for 601020: Tencent API Error: 'list' object has no attribute 'get'
2026-05-14 20:45:24,365 WARNING Primary source failed for 002202: Tencent API Error: 'list' object has no attribute 'get'
2026-05-14 20:45:27,999 WARNING Primary source failed for 601211: Tencent API Error: 'list' object has no attribute 'get'
2026-05-14 20:45:31,606 WARNING Primary source failed for 159957: Tencent API Error: 'list' object has no attribute 'get'
2026-05-14 20:45:36,174 WARNING Primary source failed for 600489: Tencent API Error: 'list' object has no attribute 'get'
2026-05-14 20:45:39,795 WARNING Primary source failed for 002600: Tencent API Error: 'list' object has no attribute 'get'
2026-05-14 20:45:43,535 WARNING Primary source failed for 002384: Tencent API Error: 'list' object has no attribute 'get'
2026-05-14 20:45:47,133 WARNING Primary source failed for 600114: Tencent API Error: 'list' object has no attribute 'get'
2026-05-14 20:45:50,884 WARNING Primary source failed for 000977: Tencent API Error: 'list' object has no attribute 'get'
2026-05-14 20:45:54,517 WARNING Primary source failed for 600584: Tencent API Error: 'list' object has no attribute 'get'
2026-05-14 20:45:58,165 WARNING Primary source failed for 603296: Tencent API Error: 'list' object has no attribute 'get'
2026-05-14 20:46:01,780 WARNING Primary source failed for 603799: Tencent API Error: 'list' object has no attribute 'get'
2026-05-14 20:46:05,401 WARNING Primary source failed for 002851: Tencent API Error: 'list' object has no attribute 'get'
2026-05-14 20:46:05,587 INFO report generated: output/a_stock_ma_report.html success=32 failed=2
